s Jul ets Jul 29 2019 12:21:46

rst:0x1 (POWERON_RESET),boot:0x3 (DOWNLOAD_BOOT(UART0/UART1/SDIO_REI_REO_V2))
waiting for download
ets Jul 29 2019 12:21:46

rst:0x1 (POWERON_RESET),boot:0x13 (SPI_FAST_FLASH_BOOT)
configsip: 0, SPIWP:0xee
clk_drv:0x00,q_drv:0x00,d_drv:0x00,cs0_drv:0x00,hd_drv:0x00,wp_drv:0x00
mode:DIO, clock div:2
load:0x3fff0030,len:7172
load:0x40078000,len:15540
load:0x40080400,len:4
ho 8 tail 4 room 4
load:0x40080404,len:3904
entry 0x40080640
[0;32mI (31) boot: ESP-IDF v5.2.1 2nd stage bootloader[0m
[0;32mI (31) boot: compile time May  7 2024 20:15:38[0m
[0;32mI (31) boot: Multicore bootloader[0m
[0;32mI (35) boot: chip revision: v3.0[0m
[0;32mI (39) boot.esp32: SPI Speed      : 40MHz[0m
[0;32mI (44) boot.esp32: SPI Mode       : DIO[0m
[0;32mI (48) boot.esp32: SPI Flash Size : 2MB[0m
[0;32mI (53) boot: Enabling RNG early entropy source...[0m
[0;32mI (58) boot: Partition Table:[0m
[0;32mI (62) boot: ## Label            Usage          Type ST Offset   Length[0m
[0;32mI (69) boot:  0 nvs              WiFi data        01 02 00009000 00006000[0m
[0;32mI (77) boot:  1 phy_init         RF data          01 01 0000f000 00001000[0m
[0;32mI (84) boot:  2 factory          factory app      00 00 00010000 00100000[0m
[0;32mI (92) boot: End of partition table[0m
[0;32mI (96) esp_image: segment 0: paddr=00010020 vaddr=3f400020 size=278c0h (161984) map[0m
[0;32mI (160) esp_image: segment 1: paddr=000378e8 vaddr=3ffb0000 size=03c14h ( 15380) load[0m
[0;32mI (166) esp_image: segment 2: paddr=0003b504 vaddr=40080000 size=04b14h ( 19220) load[0m
[0;32mI (173) esp_image: segment 3: paddr=00040020 vaddr=400d0020 size=9a250h (631376) map[0m
[0;32mI (390) esp_image: segment 4: paddr=000da278 vaddr=40084b14 size=11b68h ( 72552) load[0m
[0;32mI (430) boot: Loaded app from partition at offset 0x10000[0m
[0;32mI (430) boot: Disabling RNG early entropy source...[0m
[0;32mI (442) cpu_start: Multicore app[0m
[0;32mI (451) cpu_start: Pro cpu start user code[0m
[0;32mI (451) cpu_start: cpu freq: 160000000 Hz[0m
[0;32mI (451) cpu_start: Application information:[0m
[0;32mI (454) cpu_start: Project name:     mqtt-tcp[0m
[0;32mI (459) cpu_start: App version:      1[0m
[0;32mI (463) cpu_start: Compile time:     May 14 2024 19:25:55[0m
[0;32mI (469) cpu_start: ELF file SHA256:  fa9b7c28a...[0m
[0;32mI (475) cpu_start: ESP-IDF:          v5.2.1[0m
[0;32mI (479) cpu_start: Min chip rev:     v0.0[0m
[0;32mI (484) cpu_start: Max chip rev:     v3.99 [0m
[0;32mI (489) cpu_start: Chip rev:         v3.0[0m
[0;32mI (494) heap_init: Initializing. RAM available for dynamic allocation:[0m
[0;32mI (501) heap_init: At 3FFAE6E0 len 00001920 (6 KiB): DRAM[0m
[0;32mI (507) heap_init: At 3FFB8320 len 00027CE0 (159 KiB): DRAM[0m
[0;32mI (513) heap_init: At 3FFE0440 len 00003AE0 (14 KiB): D/IRAM[0m
[0;32mI (520) heap_init: At 3FFE4350 len 0001BCB0 (111 KiB): D/IRAM[0m
[0;32mI (526) heap_init: At 4009667C len 00009984 (38 KiB): IRAM[0m
[0;32mI (534) spi_flash: detected chip: generic[0m
[0;32mI (537) spi_flash: flash io: dio[0m
[0;33mW (541) spi_flash: Detected size(4096k) larger than the size in the binary image header(2048k). Using the size in the binary image header.[0m
[0;32mI (555) main_task: Started on CPU0[0m
[0;32mI (565) main_task: Calling app_main()[0m
[0;32mI (565) mqtt_example: [APP] Startup..[0m
[0;32mI (565) mqtt_example: [APP] Free memory: 278064 bytes[0m
[0;32mI (565) mqtt_example: [APP] IDF version: v5.2.1[0m
[0;32mI (595) example_connect: Start example_connect.[0m
I (605) wifi:wifi driver task: 3ffbfe78, prio:23, stack:6656, core=0
I (605) wifi:wifi firmware version: a9f5b59
I (605) wifi:wifi certification version: v7.0
I (605) wifi:config NVS flash: enabled
I (605) wifi:config nano formating: disabled
I (615) wifi:Init data frame dynamic rx buffer num: 32
I (615) wifi:Init static rx mgmt buffer num: 5
I (615) wifi:Init management short buffer num: 32
I (625) wifi:Init dynamic tx buffer num: 32
I (625) wifi:Init static rx buffer size: 1600
I (635) wifi:Init static rx buffer num: 10
I (635) wifi:Init dynamic rx buffer num: 32
[0;32mI (645) wifi_init: rx ba win: 6[0m
[0;32mI (645) wifi_init: tcpip mbox: 32[0m
[0;32mI (645) wifi_init: udp mbox: 6[0m
[0;32mI (655) wifi_init: tcp mbox: 6[0m
[0;32mI (655) wifi_init: tcp tx win: 5760[0m
[0;32mI (655) wifi_init: tcp rx win: 5760[0m
[0;32mI (665) wifi_init: tcp mss: 1440[0m
[0;32mI (665) wifi_init: WiFi IRAM OP enabled[0m
[0;32mI (675) wifi_init: WiFi RX IRAM OP enabled[0m
[0;32mI (675) phy_init: phy_version 4791,2c4672b,Dec 20 2023,16:06:06[0m
I BOD: Brownout detector was triggered


ets Jul 29 2019 12:21:46

rst:0xc (SW_CPU_RESET),boot:0x13 (SPI_FAST_FLASH_BOOT)
configsip: 0, SPIWP:0xee
clk_drv:0x00,q_drv:0x00,d_drv:0x00,cs0_drv:0x00,hd_drv:0x00,wp_drv:0x00
mode:DIO, clock div:2
load:0x3fff0030,len:7172
load:0x40078000,len:15540
load:0x40080400,len:4
ho 8 tail 4 room 4
load:0x40080404,len:3904
entry 0x40080640
[0;32mI (31) boot: ESP-IDF v5.2.1 2nd stage bootloader[0m
[0;32mI (31) boot: compile time May  7 2024 20:15:38[0m
[0;32mI (31) boot: Multicore bootloader[0m
[0;32mI (35) boot: chip revision: v3.0[0m
[0;32mI (39) boot.esp32: SPI Speed      : 40MHz[0m
[0;32mI (44) boot.esp32: SPI Mode       : DIO[0m
[0;32mI (48) boot.esp32: SPI Flash Size : 2MB[0m
[0;32mI (53) boot: Enabling RNG early entropy source...[0m
[0;32mI (58) boot: Partition Table:[0m
[0;32mI (62) boot: ## Label            Usage          Type ST Offset   Length[0m
[0;32mI (69) boot:  0 nvs              WiFi data        01 02 00009000 00006000[0m
[0;32mI (76) boot:  1 phy_init         RF data          01 01 0000f000 00001000[0m
[0;32mI (84) boot:  2 factory          factory app      00 00 00010000 00100000[0m
[0;32mI (91) boot: End of partition table[0m
[0;32mI (96) esp_image: segment 0: paddr=00010020 vaddr=3f400020 size=278c0h (161984) map[0m
[0;32mI (160) esp_image: segment 1: paddr=000378e8 vaddr=3ffb0000 size=03c14h ( 15380) load[0m
[0;32mI (166) esp_image: segment 2: paddr=0003b504 vaddr=40080000 size=04b14h ( 19220) load[0m
[0;32mI (173) esp_image: segment 3: paddr=00040020 vaddr=400d0020 size=9a250h (631376) map[0m
[0;32mI (390) esp_image: segment 4: paddr=000da278 vaddr=40084b14 size=11b68h ( 72552) load[0m
[0;32mI (430) boot: Loaded app from partition at offset 0x10000[0m
[0;32mI (430) boot: Disabling RNG early entropy source...[0m
[0;32mI (442) cpu_start: Multicore app[0m
[0;32mI (450) cpu_start: Pro cpu start user code[0m
[0;32mI (451) cpu_start: cpu freq: 160000000 Hz[0m
[0;32mI (451) cpu_start: Application information:[0m
[0;32mI (454) cpu_start: Project name:     mqtt-tcp[0m
[0;32mI (459) cpu_start: App version:      1[0m
[0;32mI (463) cpu_start: Compile time:     May 14 2024 19:25:55[0m
[0;32mI (469) cpu_start: ELF file SHA256:  fa9b7c28a...[0m
[0;32mI (474) cpu_start: ESP-IDF:          v5.2.1[0m
[0;32mI (479) cpu_start: Min chip rev:     v0.0[0m
[0;32mI (484) cpu_start: Max chip rev:     v3.99 [0m
[0;32mI (489) cpu_start: Chip rev:         v3.0[0m
[0;32mI (494) heap_init: Initializing. RAM available for dynamic allocation:[0m
[0;32mI (501) heap_init: At 3FFAE6E0 len 00001920 (6 KiB): DRAM[0m
[0;32mI (507) heap_init: At 3FFB8320 len 00027CE0 (159 KiB): DRAM[0m
[0;32mI (513) heap_init: At 3FFE0440 len 00003AE0 (14 KiB): D/IRAM[0m
[0;32mI (519) heap_init: At 3FFE4350 len 0001BCB0 (111 KiB): D/IRAM[0m
[0;32mI (526) heap_init: At 4009667C len 00009984 (38 KiB): IRAM[0m
[0;32mI (534) spi_flash: detected chip: generic[0m
[0;32mI (537) spi_flash: flash io: dio[0m
[0;33mW (541) spi_flash: Detected size(4096k) larger than the size in the binary image header(2048k). Using the size in the binary image header.[0m
[0;32mI (555) main_task: Started on CPU0[0m
[0;32mI (565) main_task: Calling app_main()[0m
[0;32mI (565) mqtt_example: [APP] Startup..[0m
[0;32mI (565) mqtt_example: [APP] Free memory: 278064 bytes[0m
[0;32mI (565) mqtt_example: [APP] IDF version: v5.2.1[0m
[0;32mI (595) example_connect: Start example_connect.[0m
I (605) wifi:wifi driver task: 3ffbfe78, prio:23, stack:6656, core=0
I (605) wifi:wifi firmware version: a9f5b59
I (605) wifi:wifi certification version: v7.0
I (605) wifi:config NVS flash: enabled
I (605) wifi:config nano formating: disabled
I (615) wifi:Init data frame dynamic rx buffer num: 32
I (615) wifi:Init static rx mgmt buffer num: 5
I (615) wifi:Init management short buffer num: 32
I (625) wifi:Init dynamic tx buffer num: 32
I (625) wifi:Init static rx buffer size: 1600
I (635) wifi:Init static rx buffer num: 10
I (635) wifi:Init dynamic rx buffer num: 32
[0;32mI (645) wifi_init: rx ba win: 6[0m
[0;32mI (645) wifi_init: tcpip mbox: 32[0m
[0;32mI (645) wifi_init: udp mbox: 6[0m
[0;32mI (655) wifi_init: tcp mbox: 6[0m
[0;32mI (655) wifi_init: tcp tx win: 5760[0m
[0;32mI (655) wifi_init: tcp rx win: 5760[0m
[0;32mI (665) wifi_init: tcp mss: 1440[0m
[0;32mI (665) wifi_init: WiFi IRAM OP enabled[0m
[0;32mI (675) wifi_init: WiFi RX IRAM OP enabled[0m
[0;32mI (675) phy_init: phy_version 4791,2c4672b,Dec 20 2023,16:06:06[0m
I BOD: Brownout detector was triggered


ets Jul 29 2019 12:21:46

rst:0xc (SW_CPU_RESET),boot:0x13 (SPI_FAST_FLASH_BOOT)
configsip: 0, SPIWP:0xee
clk_drv:0x00,q_drv:0x00,d_drv:0x00,cs0_drv:0x00,hd_drv:0x00,wp_drv:0x00
mode:DIO, clock div:2
load:0x3fff0030,len:7172
load:0x40078000,len:15540
load:0x40080400,len:4
ho 8 tail 4 room 4
load:0x40080404,len:3904
entry 0x40080640
[0;32mI (31) boot: ESP-IDF v5.2.1 2nd stage bootloader[0m
[0;32mI (31) boot: compile time May  7 2024 20:15:38[0m
[0;32mI (31) boot: Multicore bootloader[0m
[0;32mI (35) boot: chip revision: v3.0[0m
[0;32mI (39) boot.esp32: SPI Speed      : 40MHz[0m
[0;32mI (44) boot.esp32: SPI Mode       : DIO[0m
[0;32mI (48) boot.esp32: SPI Flash Size : 2MB[0m
[0;32mI (53) boot: Enabling RNG early entropy source...[0m
[0;32mI (58) boot: Partition Table:[0m
[0;32mI (62) boot: ## Label            Usage          Type ST Offset   Length[0m
[0;32mI (69) boot:  0 nvs              WiFi data        01 02 00009000 00006000[0m
[0;32mI (76) boot:  1 phy_init         RF data          01 01 0000f000 00001000[0m
[0;32mI (84) boot:  2 factory          factory app      00 00 00010000 00100000[0m
[0;32mI (91) boot: End of partition table[0m
[0;32mI (96) esp_image: segment 0: paddr=00010020 vaddr=3f400020 size=278c0h (161984) map[0m
[0;32mI (160) esp_image: segment 1: paddr=000378e8 vaddr=3ffb0000 size=03c14h ( 15380) load[0m
[0;32mI (166) esp_image: segment 2: paddr=0003b504 vaddr=40080000 size=04b14h ( 19220) load[0m
[0;32mI (173) esp_image: segment 3: paddr=00040020 vaddr=400d0020 size=9a250h (631376) map[0m
[0;32mI (390) esp_image: segment 4: paddr=000da278 vaddr=40084b14 size=11b68h ( 72552) load[0m
[0;32mI (430) boot: Loaded app from partition at offset 0x10000[0m
[0;32mI (430) boot: Disabling RNG early entropy source...[0m
[0;32mI (442) cpu_start: Multicore app[0m
[0;32mI (450) cpu_start: Pro cpu start user code[0m
[0;32mI (451) cpu_start: cpu freq: 160000000 Hz[0m
[0;32mI (451) cpu_start: Application information:[0m
[0;32mI (454) cpu_start: Project name:     mqtt-tcp[0m
[0;32mI (459) cpu_start: App version:      1[0m
[0;32mI (463) cpu_start: Compile time:     May 14 2024 19:25:55[0m
[0;32mI (469) cpu_start: ELF file SHA256:  fa9b7c28a...[0m
[0;32mI (474) cpu_start: ESP-IDF:          v5.2.1[0m
[0;32mI (479) cpu_start: Min chip rev:     v0.0[0m
[0;32mI (484) cpu_start: Max chip rev:     v3.99 [0m
[0;32mI (489) cpu_start: Chip rev:         v3.0[0m
[0;32mI (494) heap_init: Initializing. RAM available for dynamic allocation:[0m
[0;32mI (501) heap_init: At 3FFAE6E0 len 00001920 (6 KiB): DRAM[0m
[0;32mI (507) heap_init: At 3FFB8320 len 00027CE0 (159 KiB): DRAM[0m
[0;32mI (513) heap_init: At 3FFE0440 len 00003AE0 (14 KiB): D/IRAM[0m
[0;32mI (519) heap_init: At 3FFE4350 len 0001BCB0 (111 KiB): D/IRAM[0m
[0;32mI (526) heap_init: At 4009667C len 00009984 (38 KiB): IRAM[0m
[0;32mI (534) spi_flash: detected chip: generic[0m
[0;32mI (537) spi_flash: flash io: dio[0m
[0;33mW (541) spi_flash: Detected size(4096k) larger than the size in the binary image header(2048k). Using the size in the binary image header.[0m
[0;32mI (555) main_task: Started on CPU0[0m
[0;32mI (565) main_task: Calling app_main()[0m
[0;32mI (565) mqtt_example: [APP] Startup..[0m
[0;32mI (565) mqtt_example: [APP] Free memory: 278064 bytes[0m
[0;32mI (565) mqtt_example: [APP] IDF version: v5.2.1[0m
[0;32mI (595) example_connect: Start example_connect.[0m
I (605) wifi:wifi driver task: 3ffbfe78, prio:23, stack:6656, core=0
I (605) wifi:wifi firmware version: a9f5b59
I (605) wifi:wifi certification version: v7.0
I (605) wifi:config NVS flash: enabled
I (605) wifi:config nano formating: disabled
I (615) wifi:Init data frame dynamic rx buffer num: 32
I (615) wifi:Init static rx mgmt buffer num: 5
I (615) wifi:Init management short buffer num: 32
I (625) wifi:Init dynamic tx buffer num: 32
I (625) wifi:Init static rx buffer size: 1600
I (635) wifi:Init static rx buffer num: 10
I (635) wifi:Init dynamic rx buffer num: 32
[0;32mI (645) wifi_init: rx ba win: 6[0m
[0;32mI (645) wifi_init: tcpip mbox: 32[0m
[0;32mI (645) wifi_init: udp mbox: 6[0m
[0;32mI (655) wifi_init: tcp mbox: 6[0m
[0;32mI (655) wifi_init: tcp tx win: 5760[0m
[0;32mI (655) wifi_init: tcp rx win: 5760[0m
[0;32mI (665) wifi_init: tcp mss: 1440[0m
[0;32mI (665) wifi_init: WiFi IRAM OP enabled[0m
[0;32mI (675) wifi_init: WiFi RX IRAM OP enabled[0m
[0;32mI (675) phy_init: phy_version 4791,2c4672b,Dec 20 2023,16:06:06[0m
I BOD: Brownout detector was triggered


ets Jul 29 2019 12:21:46

rst:0xc (SW_CPU_RESET),boot:0x13 (SPI_FAST_FLASH_BOOT)
configsip: 0, SPIWP:0xee
clk_drv:0x00,q_drv:0x00,d_drv:0x00,cs0_drv:0x00,hd_drv:0x00,wp_drv:0x00
mode:DIO, clock div:2
load:0x3fff0030,len:7172
load:0x40078000,len:15540
load:0x40080400,len:4
ho 8 tail 4 room 4
load:0x40080404,len:3904
entry 0x40080640
[0;32mI (31) boot: ESP-IDF v5.2.1 2nd stage bootloader[0m
[0;32mI (31) boot: compile time May  7 2024 20:15:38[0m
[0;32mI (31) boot: Multicore bootloader[0m
[0;32mI (35) boot: chip revision: v3.0[0m
[0;32mI (39) boot.esp32: SPI Speed      : 40MHz[0m
[0;32mI (44) boot.esp32: SPI Mode       : DIO[0m
[0;32mI (48) boot.esp32: SPI Flash Size : 2MB[0m
[0;32mI (53) boot: Enabling RNG early entropy source...[0m
[0;32mI (58) boot: Partition Table:[0m
[0;32mI (62) boot: ## Label            Usage          Type ST Offset   Length[0m
[0;32mI (69) boot:  0 nvs              WiFi data        01 02 00009000 00006000[0m
[0;32mI (76) boot:  1 phy_init         RF data          01 01 0000f000 00001000[0m
[0;32mI (84) boot:  2 factory          factory app      00 00 00010000 00100000[0m
[0;32mI (91) boot: End of partition table[0m
[0;32mI (96) esp_image: segment 0: paddr=00010020 vaddr=3f400020 size=278c0h (161984) map[0m
[0;32mI (160) esp_image: segment 1: paddr=000378e8 vaddr=3ffb0000 size=03c14h ( 15380) load[0m
[0;32mI (166) esp_image: segment 2: paddr=0003b504 vaddr=40080000 size=04b14h ( 19220) load[0m
[0;32mI (173) esp_image: segment 3: paddr=00040020 vaddr=400d0020 size=9a250h (631376) map[0m
[0;32mI (390) esp_image: segment 4: paddr=000da278 vaddr=40084b14 size=11b68h ( 72552) load[0m
[0;32mI (430) boot: Loaded app from partition at offset 0x10000[0m
[0;32mI (430) boot: Disabling RNG early entropy source...[0m
[0;32mI (442) cpu_start: Multicore app[0m
[0;32mI (450) cpu_start: Pro cpu start user code[0m
[0;32mI (451) cpu_start: cpu freq: 160000000 Hz[0m
[0;32mI (451) cpu_start: Application information:[0m
[0;32mI (454) cpu_start: Project name:     mqtt-tcp[0m
[0;32mI (459) cpu_start: App version:      1[0m
[0;32mI (463) cpu_start: Compile time:     May 14 2024 19:25:55[0m
[0;32mI (469) cpu_start: ELF file SHA256:  fa9b7c28a...[0m
[0;32mI (474) cpu_start: ESP-IDF:          v5.2.1[0m
[0;32mI (479) cpu_start: Min chip rev:     v0.0[0m
[0;32mI (484) cpu_start: Max chip rev:     v3.99 [0m
[0;32mI (489) cpu_start: Chip rev:         v3.0[0m
[0;32mI (494) heap_init: Initializing. RAM available for dynamic allocation:[0m
[0;32mI (501) heap_init: At 3FFAE6E0 len 00001920 (6 KiB): DRAM[0m
[0;32mI (507) heap_init: At 3FFB8320 len 00027CE0 (159 KiB): DRAM[0m
[0;32mI (513) heap_init: At 3FFE0440 len 00003AE0 (14 KiB): D/IRAM[0m
[0;32mI (519) heap_init: At 3FFE4350 len 0001BCB0 (111 KiB): D/IRAM[0m
[0;32mI (526) heap_init: At 4009667C len 00009984 (38 KiB): IRAM[0m
[0;32mI (534) spi_flash: detected chip: generic[0m
[0;32mI (537) spi_flash: flash io: dio[0m
[0;33mW (541) spi_flash: Detected size(4096k) larger than the size in the binary image header(2048k). Using the size in the binary image header.[0m
[0;32mI (555) main_task: Started on CPU0[0m
[0;32mI (565) main_task: Calling app_main()[0m
[0;32mI (565) mqtt_example: [APP] Startup..[0m
[0;32mI (565) mqtt_example: [APP] Free memory: 278064 bytes[0m
[0;32mI (565) mqtt_example: [APP] IDF version: v5.2.1[0m
[0;32mI (595) example_connect: Start example_connect.[0m
I (605) wifi:wifi driver task: 3ffbfe78, prio:23, stack:6656, core=0
I (605) wifi:wifi firmware version: a9f5b59
I (605) wifi:wifi certification version: v7.0
I (605) wifi:config NVS flash: enabled
I (605) wifi:config nano formating: disabled
I (615) wifi:Init data frame dynamic rx buffer num: 32
I (615) wifi:Init static rx mgmt buffer num: 5
I (615) wifi:Init management short buffer num: 32
I (625) wifi:Init dynamic tx buffer num: 32
I (625) wifi:Init static rx buffer size: 1600
I (635) wifi:Init static rx buffer num: 10
I (635) wifi:Init dynamic rx buffer num: 32
[0;32mI (645) wifi_init: rx ba win: 6[0m
[0;32mI (645) wifi_init: tcpip mbox: 32[0m
[0;32mI (645) wifi_init: udp mbox: 6[0m
[0;32mI (655) wifi_init: tcp mbox: 6[0m
[0;32mI (655) wifi_init: tcp tx win: 5760[0m
[0;32mI (655) wifi_init: tcp rx win: 5760[0m
[0;32mI (665) wifi_init: tcp mss: 1440[0m
[0;32mI (665) wifi_init: WiFi IRAM OP enabled[0m
[0;32mI (675) wifi_init: WiFi RX IRAM OP enabled[0m
[0;32mI (675) phy_init: phy_version 4791,2c4672b,Dec 20 2023,16:06:06[0m
I BOD: Brownout detector was triggered


ets Jul 29 2019 12:21:46

rst:0xc (SW_CPU_RESET),boot:0x13 (SPI_FAST_FLASH_BOOT)
configsip: 0, SPIWP:0xee
clk_drv:0x00,q_drv:0x00,d_drv:0x00,cs0_drv:0x00,hd_drv:0x00,wp_drv:0x00
mode:DIO, clock div:2
load:0x3fff0030,len:7172
load:0x40078000,len:15540
load:0x40080400,len:4
ho 8 tail 4 room 4
load:0x40080404,len:3904
entry 0x40080640
[0;32mI (31) boot: ESP-IDF v5.2.1 2nd stage bootloader[0m
[0;32mI (31) boot: compile time May  7 2024 20:15:38[0m
[0;32mI (31) boot: Multicore bootloader[0m
[0;32mI (35) boot: chip revision: v3.0[0m
[0;32mI (39) boot.esp32: SPI Speed      : 40MHz[0m
[0;32mI (44) boot.esp32: SPI Mode       : DIO[0m
[0;32mI (48) boot.esp32: SPI Flash Size : 2MB[0m
[0;32mI (53) boot: Enabling RNG early entropy source...[0m
[0;32mI (58) boot: Partition Table:[0m
[0;32mI (62) boot: ## Label            Usage          Type ST Offset   Length[0m
[0;32mI (69) boot:  0 nvs              WiFi data        01 02 00009000 00006000[0m
[0;32mI (76) boot:  1 phy_init         RF data          01 01 0000f000 00001000[0m
[0;32mI (84) boot:  2 factory          factory app      00 00 00010000 00100000[0m
[0;32mI (91) boot: End of partition table[0m
[0;32mI (96) esp_image: segment 0: paddr=00010020 vaddr=3f400020 size=278c0h (161984) map[0m
[0;32mI (160) esp_image: segment 1: paddr=000378e8 vaddr=3ffb0000 size=03c14h ( 15380) load[0m
[0;32mI (166) esp_image: segment 2: paddr=0003b504 vaddr=40080000 size=04b14h ( 19220) load[0m
[0;32mI (173) esp_image: segment 3: paddr=00040020 vaddr=400d0020 size=9a250h (631376) map[0m
[0;32mI (390) esp_image: segment 4: paddr=000da278 vaddr=40084b14 size=11b68h ( 72552) load[0m
[0;32mI (430) boot: Loaded app from partition at offset 0x10000[0m
[0;32mI (430) boot: Disabling RNG early entropy source...[0m
[0;32mI (442) cpu_start: Multicore app[0m
[0;32mI (450) cpu_start: Pro cpu start user code[0m
[0;32mI (451) cpu_start: cpu freq: 160000000 Hz[0m
[0;32mI (451) cpu_start: Application information:[0m
[0;32mI (454) cpu_start: Project name:     mqtt-tcp[0m
[0;32mI (459) cpu_start: App version:      1[0m
[0;32mI (463) cpu_start: Compile time:     May 14 2024 19:25:55[0m
[0;32mI (469) cpu_start: ELF file SHA256:  fa9b7c28a...[0m
[0;32mI (474) cpu_start: ESP-IDF:          v5.2.1[0m
[0;32mI (479) cpu_start: Min chip rev:     v0.0[0m
[0;32mI (484) cpu_start: Max chip rev:     v3.99 [0m
[0;32mI (489) cpu_start: Chip rev:         v3.0[0m
[0;32mI (494) heap_init: Initializing. RAM available for dynamic allocation:[0m
[0;32mI (501) heap_init: At 3FFAE6E0 len 00001920 (6 KiB): DRAM[0m
[0;32mI (507) heap_init: At 3FFB8320 len 00027CE0 (159 KiB): DRAM[0m
[0;32mI (513) heap_init: At 3FFE0440 len 00003AE0 (14 KiB): D/IRAM[0m
[0;32mI (519) heap_init: At 3FFE4350 len 0001BCB0 (111 KiB): D/IRAM[0m
[0;32mI (526) heap_init: At 4009667C len 00009984 (38 KiB): IRAM[0m
[0;32mI (534) spi_flash: detected chip: generic[0m
[0;32mI (537) spi_flash: flash io: dio[0m
[0;33mW (541) spi_flash: Detected size(4096k) larger than the size in the binary image header(2048k). Using the size in the binary image header.[0m
[0;32mI (555) main_task: Started on CPU0[0m
[0;32mI (565) main_task: Calling app_main()[0m
[0;32mI (565) mqtt_example: [APP] Startup..[0m
[0;32mI (565) mqtt_example: [APP] Free memory: 278064 bytes[0m
[0;32mI (565) mqtt_example: [APP] IDF version: v5.2.1[0m
[0;32mI (595) example_connect: Start example_connect.[0m
I (605) wifi:wifi driver task: 3ffbfe78, prio:23, stack:6656, core=0
I (605) wifi:wifi firmware version: a9f5b59
I (605) wifi:wifi certification version: v7.0
I (605) wifi:config NVS flash: enabled
I (605) wifi:config nano formating: disabled
I (615) wifi:Init data frame dynamic rx buffer num: 32
I (615) wifi:Init static rx mgmt buffer num: 5
I (615) wifi:Init management short buffer num: 32
I (625) wifi:Init dynamic tx buffer num: 32
I (625) wifi:Init static rx buffer size: 1600
I (635) wifi:Init static rx buffer num: 10
I (635) wifi:Init dynamic rx buffer num: 32
[0;32mI (645) wifi_init: rx ba win: 6[0m
[0;32mI (645) wifi_init: tcpip mbox: 32[0m
[0;32mI (645) wifi_init: udp mbox: 6[0m
[0;32mI (655) wifi_init: tcp mbox: 6[0m
[0;32mI (655) wifi_init: tcp tx win: 5760[0m
[0;32mI (655) wifi_init: tcp rx win: 5760[0m
[0;32mI (665) wifi_init: tcp mss: 1440[0m
[0;32mI (665) wifi_init: WiFi IRAM OP enabled[0m
[0;32mI (675) wifi_init: WiFi RX IRAM OP enabled[0m
[0;32mI (675) phy_init: phy_version 4791,2c4672b,Dec 20 2023,16:06:06[0m
I BOD: Brownout detector was triggered


ets Jul 29 2019 12:21:46

rst:0xc (SW_CPU_RESET),boot:0x13 (SPI_FAST_FLASH_BOOT)
configsip: 0, SPIWP:0xee
clk_drv:0x00,q_drv:0x00,d_drv:0x00,cs0_drv:0x00,hd_drv:0x00,wp_drv:0x00
mode:DIO, clock div:2
load:0x3fff0030,len:7172
load:0x40078000,len:15540
load:0x40080400,len:4
ho 8 tail 4 room 4
load:0x40080404,len:3904
entry 0x40080640
[0;32mI (31) boot: ESP-IDF v5.2.1 2nd stage bootloader[0m
[0;32mI (31) boot: compile time May  7 2024 20:15:38[0m
[0;32mI (31) boot: Multicore bootloader[0m
[0;32mI (35) boot: chip revision: v3.0[0m
[0;32mI (39) boot.esp32: SPI Speed      : 40MHz[0m
[0;32mI (44) boot.esp32: SPI Mode       : DIO[0m
[0;32mI (48) boot.esp32: SPI Flash Size : 2MB[0m
[0;32mI (53) boot: Enabling RNG early entropy source...[0m
[0;32mI (58) boot: Partition Table:[0m
[0;32mI (62) boot: ## Label            Usage          Type ST Offset   Length[0m
[0;32mI (69) boot:  0 nvs              WiFi data        01 02 00009000 00006000[0m
[0;32mI (76) boot:  1 phy_init         RF data          01 01 0000f000 00001000[0m
[0;32mI (84) boot:  2 factory          factory app      00 00 00010000 00100000[0m
[0;32mI (91) boot: End of partition table[0m
[0;32mI (96) esp_image: segment 0: paddr=00010020 vaddr=3f400020 size=278c0h (161984) map[0m
[0;32mI (160) esp_image: segment 1: paddr=000378e8 vaddr=3ffb0000 size=03c14h ( 15380) load[0m
[0;32mI (166) esp_image: segment 2: paddr=0003b504 vaddr=40080000 size=04b14h ( 19220) load[0m
[0;32mI (173) esp_image: segment 3: paddr=00040020 vaddr=400d0020 size=9a250h (631376) map[0m
[0;32mI (390) esp_image: segment 4: paddr=000da278 vaddr=40084b14 size=11b68h ( 72552) load[0m
[0;32mI (430) boot: Loaded app from partition at offset 0x10000[0m
[0;32mI (430) boot: Disabling RNG early entropy source...[0m
[0;32mI (442) cpu_start: Multicore app[0m
[0;32mI (450) cpu_start: Pro cpu start user code[0m
[0;32mI (451) cpu_start: cpu freq: 160000000 Hz[0m
[0;32mI (451) cpu_start: Application information:[0m
[0;32mI (454) cpu_start: Project name:     mqtt-tcp[0m
[0;32mI (459) cpu_start: App version:      1[0m
[0;32mI (463) cpu_start: Compile time:     May 14 2024 19:25:55[0m
[0;32mI (469) cpu_start: ELF file SHA256:  fa9b7c28a...[0m
[0;32mI (474) cpu_start: ESP-IDF:          v5.2.1[0m
[0;32mI (479) cpu_start: Min chip rev:     v0.0[0m
[0;32mI (484) cpu_start: Max chip rev:     v3.99 [0m
[0;32mI (489) cpu_start: Chip rev:         v3.0[0m
[0;32mI (494) heap_init: Initializing. RAM available for dynamic allocation:[0m
[0;32mI (501) heap_init: At 3FFAE6E0 len 00001920 (6 KiB): DRAM[0m
[0;32mI (507) heap_init: At 3FFB8320 len 00027CE0 (159 KiB): DRAM[0m
[0;32mI (513) heap_init: At 3FFE0440 len 00003AE0 (14 KiB): D/IRAM[0m
[0;32mI (519) heap_init: At 3FFE4350 len 0001BCB0 (111 KiB): D/IRAM[0m
[0;32mI (526) heap_init: At 4009667C len 00009984 (38 KiB): IRAM[0m
[0;32mI (534) spi_flash: detected chip: generic[0m
[0;32mI (537) spi_flash: flash io: dio[0m
[0;33mW (541) spi_flash: Detected size(4096k) larger than the size in the binary image header(2048k). Using the size in the binary image header.[0m
[0;32mI (555) main_task: Started on CPU0[0m
[0;32mI (565) main_task: Calling app_main()[0m
[0;32mI (565) mqtt_example: [APP] Startup..[0m
[0;32mI (565) mqtt_example: [APP] Free memory: 278064 bytes[0m
[0;32mI (565) mqtt_example: [APP] IDF version: v5.2.1[0m
[0;32mI (595) example_connect: Start example_connect.[0m
I (605) wifi:wifi driver task: 3ffbfe78, prio:23, stack:6656, core=0
I (605) wifi:wifi firmware version: a9f5b59
I (605) wifi:wifi certification version: v7.0
I (605) wifi:config NVS flash: enabled
I (605) wifi:config nano formating: disabled
I (615) wifi:Init data frame dynamic rx buffer num: 32
I (615) wifi:Init static rx mgmt buffer num: 5
I (615) wifi:Init management short buffer num: 32
I (625) wifi:Init dynamic tx buffer num: 32
I (625) wifi:Init static rx buffer size: 1600
I (635) wifi:Init static rx buffer num: 10
I (635) wifi:Init dynamic rx buffer num: 32
[0;32mI (645) wifi_init: rx ba win: 6[0m
[0;32mI (645) wifi_init: tcpip mbox: 32[0m
[0;32mI (645) wifi_init: udp mbox: 6[0m
[0;32mI (655) wifi_init: tcp mbox: 6[0m
[0;32mI (655) wifi_init: tcp tx win: 5760[0m
[0;32mI (655) wifi_init: tcp rx win: 5760[0m
[0;32mI (665) wifi_init: tcp mss: 1440[0m
[0;32mI (665) wifi_init: WiFi IRAM OP enabled[0m
[0;32mI (675) wifi_init: WiFi RX IRAM OP enabled[0m
[0;32mI (675) phy_init: phy_version 4791,2c4672b,Dec 20 2023,16:06:06[0m
I BOD: Brownout detector was triggered


ets Jul 29 2019 12:21:46

rst:0xc (SW_CPU_RESET),boot:0x13 (SPI_FAST_FLASH_BOOT)
configsip: 0, SPIWP:0xee
clk_drv:0x00,q_drv:0x00,d_drv:0x00,cs0_drv:0x00,hd_drv:0x00,wp_drv:0x00
mode:DIO, clock div:2
load:0x3fff0030,len:7172
load:0x40078000,len:15540
load:0x40080400,len:4
ho 8 tail 4 room 4
load:0x40080404,len:3904
entry 0x40080640
[0;32mI (31) boot: ESP-IDF v5.2.1 2nd stage bootloader[0m
[0;32mI (31) boot: compile time May  7 2024 20:15:38[0m
[0;32mI (31) boot: Multicore bootloader[0m
[0;32mI (35) boot: chip revision: v3.0[0m
[0;32mI (39) boot.esp32: SPI Speed      : 40MHz[0m
[0;32mI (44) boot.esp32: SPI Mode       : DIO[0m
[0;32mI (48) boot.esp32: SPI Flash Size : 2MB[0m
[0;32mI (53) boot: Enabling RNG early entropy source...[0m
[0;32mI (58) boot: Partition Table:[0m
[0;32mI (62) boot: ## Label            Usage          Type ST Offset   Length[0m
[0;32mI (69) boot:  0 nvs              WiFi data        01 02 00009000 00006000[0m
[0;32mI (76) boot:  1 phy_init         RF data          01 01 0000f000 00001000[0m
[0;32mI (84) boot:  2 factory          factory app      00 00 00010000 00100000[0m
[0;32mI (91) boot: End of partition table[0m
[0;32mI (96) esp_image: segment 0: paddr=00010020 vaddr=3f400020 size=278c0h (161984) map[0m
[0;32mI (160) esp_image: segment 1: paddr=000378e8 vaddr=3ffb0000 size=03c14h ( 15380) load[0m
[0;32mI (166) esp_image: segment 2: paddr=0003b504 vaddr=40080000 size=04b14h ( 19220) load[0m
[0;32mI (173) esp_image: segment 3: paddr=00040020 vaddr=400d0020 size=9a250h (631376) map[0m
[0;32mI (390) esp_image: segment 4: paddr=000da278 vaddr=40084b14 size=11b68h ( 72552) load[0m
[0;32mI (430) boot: Loaded app from partition at offset 0x10000[0m
[0;32mI (430) boot: Disabling RNG early entropy source...[0m
[0;32mI (442) cpu_start: Multicore app[0m
[0;32mI (450) cpu_start: Pro cpu start user code[0m
[0;32mI (451) cpu_start: cpu freq: 160000000 Hz[0m
[0;32mI (451) cpu_start: Application information:[0m
[0;32mI (454) cpu_start: Project name:     mqtt-tcp[0m
[0;32mI (459) cpu_start: App version:      1[0m
[0;32mI (463) cpu_start: Compile time:     May 14 2024 19:25:55[0m
[0;32mI (469) cpu_start: ELF file SHA256:  fa9b7c28a...[0m
[0;32mI (474) cpu_start: ESP-IDF:          v5.2.1[0m
[0;32mI (479) cpu_start: Min chip rev:     v0.0[0m
[0;32mI (484) cpu_start: Max chip rev:     v3.99 [0m
[0;32mI (489) cpu_start: Chip rev:         v3.0[0m
[0;32mI (494) heap_init: Initializing. RAM available for dynamic allocation:[0m
[0;32mI (501) heap_init: At 3FFAE6E0 len 00001920 (6 KiB): DRAM[0m
[0;32mI (507) heap_init: At 3FFB8320 len 00027CE0 (159 KiB): DRAM[0m
[0;32mI (513) heap_init: At 3FFE0440 len 00003AE0 (14 KiB): D/IRAM[0m
[0;32mI (519) heap_init: At 3FFE4350 len 0001BCB0 (111 KiB): D/IRAM[0m
[0;32mI (526) heap_init: At 4009667C len 00009984 (38 KiB): IRAM[0m
[0;32mI (534) spi_flash: detected chip: generic[0m
[0;32mI (537) spi_flash: flash io: dio[0m
[0;33mW (541) spi_flash: Detected size(4096k) larger than the size in the binary image header(2048k). Using the size in the binary image header.[0m
[0;32mI (555) main_task: Started on CPU0[0m
[0;32mI (565) main_task: Calling app_main()[0m
[0;32mI (565) mqtt_example: [APP] Startup..[0m
[0;32mI (565) mqtt_example: [APP] Free memory: 278064 bytes[0m
[0;32mI (565) mqtt_example: [APP] IDF version: v5.2.1[0m
[0;32mI (595) example_connect: Start example_connect.[0m
I (605) wifi:wifi driver task: 3ffbfe78, prio:23, stack:6656, core=0
I (605) wifi:wifi firmware version: a9f5b59
I (605) wifi:wifi certification version: v7.0
I (605) wifi:config NVS flash: enabled
I (605) wifi:config nano formating: disabled
I (615) wifi:Init data frame dynamic rx buffer num: 32
I (615) wifi:Init static rx mgmt buffer num: 5
I (615) wifi:Init management short buffer num: 32
I (625) wifi:Init dynamic tx buffer num: 32
I (625) wifi:Init static rx buffer size: 1600
I (635) wifi:Init static rx buffer num: 10
I (635) wifi:Init dynamic rx buffer num: 32
[0;32mI (645) wifi_init: rx ba win: 6[0m
[0;32mI (645) wifi_init: tcpip mbox: 32[0m
[0;32mI (645) wifi_init: udp mbox: 6[0m
[0;32mI (655) wifi_init: tcp mbox: 6[0m
[0;32mI (655) wifi_init: tcp tx win: 5760[0m
[0;32mI (655) wifi_init: tcp rx win: 5760[0m
[0;32mI (665) wifi_init: tcp mss: 1440[0m
[0;32mI (665) wifi_init: WiFi IRAM OP enabled[0m
[0;32mI (675) wifi_init: WiFi RX IRAM OP enabled[0m
[0;32mI (675) phy_init: phy_version 4791,2c4672b,Dec 20 2023,16:06:06[0m
I BOD: Brownout detector was triggered


ets Jul 29 2019 12:21:46

rst:0xc (SW_CPU_RESET),boot:0x13 (SPI_FAST_FLASH_BOOT)
configsip: 0, SPIWP:0xee
clk_drv:0x00,q_drv:0x00,d_drv:0x00,cs0_drv:0x00,hd_drv:0x00,wp_drv:0x00
mode:DIO, clock div:2
load:0x3fff0030,len:7172
load:0x40078000,len:15540
load:0x40080400,len:4
ho 8 tail 4 room 4
load:0x40080404,len:3904
entry 0x40080640
[0;32mI (31) boot: ESP-IDF v5.2.1 2nd stage bootloader[0m
[0;32mI (31) boot: compile time May  7 2024 20:15:38[0m
[0;32mI (31) boot: Multicore bootloader[0m
[0;32mI (35) boot: chip revision: v3.0[0m
[0;32mI (39) boot.esp32: SPI Speed      : 40MHz[0m
[0;32mI (44) boot.esp32: SPI Mode       : DIO[0m
[0;32mI (48) boot.esp32: SPI Flash Size : 2MB[0m
[0;32mI (53) boot: Enabling RNG early entropy source...[0m
[0;32mI (58) boot: Partition Table:[0m
[0;32mI (62) boot: ## Label            Usage          Type ST Offset   Length[0m
[0;32mI (69) boot:  0 nvs              WiFi data        01 02 00009000 00006000[0m
[0;32mI (76) boot:  1 phy_init         RF data          01 01 0000f000 00001000[0m
[0;32mI (84) boot:  2 factory          factory app      00 00 00010000 00100000[0m
[0;32mI (91) boot: End of partition table[0m
[0;32mI (96) esp_image: segment 0: paddr=00010020 vaddr=3f400020 size=278c0h (161984) map[0m
[0;32mI (160) esp_image: segment 1: paddr=000378e8 vaddr=3ffb0000 size=03c14h ( 15380) load[0m
[0;32mI (166) esp_image: segment 2: paddr=0003b504 vaddr=40080000 size=04b14h ( 19220) load[0m
[0;32mI (173) esp_image: segment 3: paddr=00040020 vaddr=400d0020 size=9a250h (631376) map[0m
[0;32mI (390) esp_image: segment 4: paddr=000da278 vaddr=40084b14 size=11b68h ( 72552) load[0m
[0;32mI (430) boot: Loaded app from partition at offset 0x10000[0m
[0;32mI (430) boot: Disabling RNG early entropy source...[0m
[0;32mI (442) cpu_start: Multicore app[0m
[0;32mI (450) cpu_start: Pro cpu start user code[0m
[0;32mI (451) cpu_start: cpu freq: 160000000 Hz[0m
[0;32mI (451) cpu_start: Application information:[0m
[0;32mI (454) cpu_start: Project name:     mqtt-tcp[0m
[0;32mI (459) cpu_start: App version:      1[0m
[0;32mI (463) cpu_start: Compile time:     May 14 2024 19:25:55[0m
[0;32mI (469) cpu_start: ELF file SHA256:  fa9b7c28a...[0m
[0;32mI (474) cpu_start: ESP-IDF:          v5.2.1[0m
[0;32mI (479) cpu_start: Min chip rev:     v0.0[0m
[0;32mI (484) cpu_start: Max chip rev:     v3.99 [0m
[0;32mI (489) cpu_start: Chip rev:         v3.0[0m
[0;32mI (494) heap_init: Initializing. RAM available for dynamic allocation:[0m
[0;32mI (501) heap_init: At 3FFAE6E0 len 00001920 (6 KiB): DRAM[0m
[0;32mI (507) heap_init: At 3FFB8320 len 00027CE0 (159 KiB): DRAM[0m
[0;32mI (513) heap_init: At 3FFE0440 len 00003AE0 (14 KiB): D/IRAM[0m
[0;32mI (519) heap_init: At 3FFE4350 len 0001BCB0 (111 KiB): D/IRAM[0m
[0;32mI (526) heap_init: At 4009667C len 00009984 (38 KiB): IRAM[0m
[0;32mI (534) spi_flash: detected chip: generic[0m
[0;32mI (537) spi_flash: flash io: dio[0m
[0;33mW (541) spi_flash: Detected size(4096k) larger than the size in the binary image header(2048k). Using the size in the binary image header.[0m
[0;32mI (555) main_task: Started on CPU0[0m
[0;32mI (565) main_task: Calling app_main()[0m
[0;32mI (565) mqtt_example: [APP] Startup..[0m
[0;32mI (565) mqtt_example: [APP] Free memory: 278064 bytes[0m
[0;32mI (565) mqtt_example: [APP] IDF version: v5.2.1[0m
[0;32mI (595) example_connect: Start example_connect.[0m
I (605) wifi:wifi driver task: 3ffbfe78, prio:23, stack:6656, core=0
I (605) wifi:wifi firmware version: a9f5b59
I (605) wifi:wifi certification version: v7.0
I (605) wifi:config NVS flash: enabled
I (605) wifi:config nano formating: disabled
I (615) wifi:Init data frame dynamic rx buffer num: 32
I (615) wifi:Init static rx mgmt buffer num: 5
I (615) wifi:Init management short buffer num: 32
I (625) wifi:Init dynamic tx buffer num: 32
I (625) wifi:Init static rx buffer size: 1600
I (635) wifi:Init static rx buffer num: 10
I (635) wifi:Init dynamic rx buffer num: 32
[0;32mI (645) wifi_init: rx ba win: 6[0m
[0;32mI (645) wifi_init: tcpip mbox: 32[0m
[0;32mI (645) wifi_init: udp mbox: 6[0m
[0;32mI (655) wifi_init: tcp mbox: 6[0m
[0;32mI (655) wifi_init: tcp tx win: 5760[0m
[0;32mI (655) wifi_init: tcp rx win: 5760[0m
[0;32mI (665) wifi_init: tcp mss: 1440[0m
[0;32mI (665) wifi_init: WiFi IRAM OP enabled[0m
[0;32mI (675) wifi_init: WiFi RX IRAM OP enabled[0m
[0;32mI (675) phy_init: phy_version 4791,2c4672b,Dec 20 2023,16:06:06[0m
I BOD: Brownout detector was triggered


ets Jul 29 2019 12:21:46

rst:0xc (SW_CPU_RESET),boot:0x13 (SPI_FAST_FLASH_BOOT)
configsip: 0, SPIWP:0xee
clk_drv:0x00,q_drv:0x00,d_drv:0x00,cs0_drv:0x00,hd_drv:0x00,wp_drv:0x00
mode:DIO, clock div:2
load:0x3fff0030,len:7172
load:0x40078000,len:15540
load:0x40080400,len:4
ho 8 tail 4 room 4
load:0x40080404,len:3904
entry 0x40080640
[0;32mI (31) boot: ESP-IDF v5.2.1 2nd stage bootloader[0m
[0;32mI (31) boot: compile time May  7 2024 20:15:38[0m
[0;32mI (31) boot: Multicore bootloader[0m
[0;32mI (35) boot: chip revision: v3.0[0m
[0;32mI (39) boot.esp32: SPI Speed      : 40MHz[0m
[0;32mI (44) boot.esp32: SPI Mode       : DIO[0m
[0;32mI (48) boot.esp32: SPI Flash Size : 2MB[0m
[0;32mI (53) boot: Enabling RNG early entropy source...[0m
[0;32mI (58) boot: Partition Table:[0m
[0;32mI (62) boot: ## Label            Usage          Type ST Offset   Length[0m
[0;32mI (69) boot:  0 nvs              WiFi data        01 02 00009000 00006000[0m
[0;32mI (76) boot:  1 phy_init         RF data          01 01 0000f000 00001000[0m
[0;32mI (84) boot:  2 factory          factory app      00 00 00010000 00100000[0m
[0;32mI (91) boot: End of partition table[0m
[0;32mI (96) esp_image: segment 0: paddr=00010020 vaddr=3f400020 size=278c0h (161984) map[0m
[0;32mI (160) esp_image: segment 1: paddr=000378e8 vaddr=3ffb0000 size=03c14h ( 15380) load[0m
[0;32mI (166) esp_image: segment 2: paddr=0003b504 vaddr=40080000 size=04b14h ( 19220) load[0m
[0;32mI (173) esp_image: segment 3: paddr=00040020 vaddr=400d0020 size=9a250h (631376) map[0m
[0;32mI (390) esp_image: segment 4: paddr=000da278 vaddr=40084b14 size=11b68h ( 72552) load[0m
[0;32mI (430) boot: Loaded app from partition at offset 0x10000[0m
[0;32mI (430) boot: Disabling RNG early entropy source...[0m
[0;32mI (442) cpu_start: Multicore app[0m
[0;32mI (450) cpu_start: Pro cpu start user code[0m
[0;32mI (451) cpu_start: cpu freq: 160000000 Hz[0m
[0;32mI (451) cpu_start: Application information:[0m
[0;32mI (454) cpu_start: Project name:     mqtt-tcp[0m
[0;32mI (459) cpu_start: App version:      1[0m
[0;32mI (463) cpu_start: Compile time:     May 14 2024 19:25:55[0m
[0;32mI (469) cpu_start: ELF file SHA256:  fa9b7c28a...[0m
[0;32mI (474) cpu_start: ESP-IDF:          v5.2.1[0m
[0;32mI (479) cpu_start: Min chip rev:     v0.0[0m
[0;32mI (484) cpu_start: Max chip rev:     v3.99 [0m
[0;32mI (489) cpu_start: Chip rev:         v3.0[0m
[0;32mI (494) heap_init: Initializing. RAM available for dynamic allocation:[0m
[0;32mI (501) heap_init: At 3FFAE6E0 len 00001920 (6 KiB): DRAM[0m
[0;32mI (507) heap_init: At 3FFB8320 len 00027CE0 (159 KiB): DRAM[0m
[0;32mI (513) heap_init: At 3FFE0440 len 00003AE0 (14 KiB): D/IRAM[0m
[0;32mI (519) heap_init: At 3FFE4350 len 0001BCB0 (111 KiB): D/IRAM[0m
[0;32mI (526) heap_init: At 4009667C len 00009984 (38 KiB): IRAM[0m
[0;32mI (534) spi_flash: detected chip: generic[0m
[0;32mI (537) spi_flash: flash io: dio[0m
[0;33mW (541) spi_flash: Detected size(4096k) larger than the size in the binary image header(2048k). Using the size in the binary image header.[0m
[0;32mI (555) main_task: Started on CPU0[0m
[0;32mI (565) main_task: Calling app_main()[0m
[0;32mI (565) mqtt_example: [APP] Startup..[0m
[0;32mI (565) mqtt_example: [APP] Free memory: 278064 bytes[0m
[0;32mI (565) mqtt_example: [APP] IDF version: v5.2.1[0m
[0;32mI (595) example_connect: Start example_connect.[0m
I (605) wifi:wifi driver task: 3ffbfe78, prio:23, stack:6656, core=0
I (605) wifi:wifi firmware version: a9f5b59
I (605) wifi:wifi certification version: v7.0
I (605) wifi:config NVS flash: enabled
I (605) wifi:config nano formating: disabled
I (615) wifi:Init data frame dynamic rx buffer num: 32
I (615) wifi:Init static rx mgmt buffer num: 5
I (615) wifi:Init management short buffer num: 32
I (625) wifi:Init dynamic tx buffer num: 32
I (625) wifi:Init static rx buffer size: 1600
I (635) wifi:Init static rx buffer num: 10
I (635) wifi:Init dynamic rx buffer num: 32
[0;32mI (645) wifi_init: rx ba win: 6[0m
[0;32mI (645) wifi_init: tcpip mbox: 32[0m
[0;32mI (645) wifi_init: udp mbox: 6[0m
[0;32mI (655) wifi_init: tcp mbox: 6[0m
[0;32mI (655) wifi_init: tcp tx win: 5760[0m
[0;32mI (655) wifi_init: tcp rx win: 5760[0m
[0;32mI (665) wifi_init: tcp mss: 1440[0m
[0;32mI (665) wifi_init: WiFi IRAM OP enabled[0m
[0;32mI (675) wifi_init: WiFi RX IRAM OP enabled[0m
[0;32mI (675) phy_init: phy_version 4791,2c4672b,Dec 20 2023,16:06:06[0m
ets Jul 29 2019 12:21:46

rst:0x1 (POWERON_RESET),boot:0x13 (SPI_FAST_FLASH_BOOT)
configsip: 0, SPIWP:0xee
clk_drv:0x00,q_drv:0x00,d_drv:0x00,cs0_drv:0x00,hd_drv:0x00,wp_drv:0x00
mode:DIO, clock div:2
load:0x3fff0030,len:7172
load:0x40078000,len:15540
load:0x40080400,len:4
ho 8 tail 4 room 4
load:0x40080404,len:3904
entry 0x40080640
[0;32mI (31) boot: ESP-IDF v5.2.1 2nd stage bootloader[0m
[0;32mI (31) boot: compile time May  7 2024 20:15:38[0m
[0;32mI (31) boot: Multicore bootloader[0m
[0;32mI (35) boot: chip revision: v3.0[0m
[0;32mI (39) boot.esp32: SPI Speed      : 40MHz[0m
[0;32mI (44) boot.esp32: SPI Mode       : DIO[0m
[0;32mI (48) boot.esp32: SPI Flash Size : 2MB[0m
[0;32mI (53) boot: Enabling RNG early entropy source...[0m
[0;32mI (58) boot: Partition Table:[0m
[0;32mI (62) boot: ## Label            Usage          Type ST Offset   Length[0m
[0;32mI (69) boot:  0 nvs              WiFi data        01 02 00009000 00006000[0m
[0;32mI (77) boot:  1 phy_init         RF data          01 01 0000f000 00001000[0m
[0;32mI (84) boot:  2 factory          factory app      00 00 00010000 00100000[0m
[0;32mI (92) boot: End of partition table[0m
[0;32mI (96) esp_image: segment 0: paddr=00010020 vaddr=3f400020 size=278c0h (161984) map[0m
[0;32mI (160) esp_image: segment 1: paddr=000378e8 vaddr=3ffb0000 size=03c14h ( 15380) load[0m
[0;32mI (166) esp_image: segment 2: paddr=0003b504 vaddr=40080000 size=04b14h ( 19220) load[0m
[0;32mI (173) esp_image: segment 3: paddr=00040020 vaddr=400d0020 size=9a250h (631376) map[0m
[0;32mI (390) esp_image: segment 4: paddr=000da278 vaddr=40084b14 size=11b68h ( 72552) load[0m
[0;32mI (430) boot: Loaded app from partition at offset 0x10000[0m
[0;32mI (430) boot: Disabling RNG early entropy source...[0m
[0;32mI (442) cpu_start: Multicore app[0m
[0;32mI (451) cpu_start: Pro cpu start user code[0m
[0;32mI (451) cpu_start: cpu freq: 160000000 Hz[0m
[0;32mI (451) cpu_start: Application information:[0m
[0;32mI (454) cpu_start: Project name:     mqtt-tcp[0m
[0;32mI (459) cpu_start: App version:      1[0m
[0;32mI (463) cpu_start: Compile time:     May 14 2024 19:25:55[0m
[0;32mI (469) cpu_start: ELF file SHA256:  fa9b7c28a...[0m
[0;32mI (475) cpu_start: ESP-IDF:          v5.2.1[0m
[0;32mI (479) cpu_start: Min chip rev:     v0.0[0m
[0;32mI (484) cpu_start: Max chip rev:     v3.99 [0m
[0;32mI (489) cpu_start: Chip rev:         v3.0[0m
[0;32mI (494) heap_init: Initializing. RAM available for dynamic allocation:[0m
[0;32mI (501) heap_init: At 3FFAE6E0 len 00001920 (6 KiB): DRAM[0m
[0;32mI (507) heap_init: At 3FFB8320 len 00027CE0 (159 KiB): DRAM[0m
[0;32mI (513) heap_init: At 3FFE0440 len 00003AE0 (14 KiB): D/IRAM[0m
[0;32mI (520) heap_init: At 3FFE4350 len 0001BCB0 (111 KiB): D/IRAM[0m
[0;32mI (526) heap_init: At 4009667C len 00009984 (38 KiB): IRAM[0m
[0;32mI (534) spi_flash: detected chip: generic[0m
[0;32mI (537) spi_flash: flash io: dio[0m
[0;33mW (541) spi_flash: Detected size(4096k) larger than the size in the binary image header(2048k). Using the size in the binary image header.[0m
[0;32mI (555) main_task: Started on CPU0[0m
[0;32mI (565) main_task: Calling app_main()[0m
[0;32mI (565) mqtt_example: [APP] Startup..[0m
[0;32mI (565) mqtt_example: [APP] Free memory: 278064 bytes[0m
[0;32mI (565) mqtt_example: [APP] IDF version: v5.2.1[0m
[0;32mI (595) example_connect: Start example_connect.[0m
I (605) wifi:wifi driver task: 3ffbfe78, prio:23, stack:6656, core=0
I (605) wifi:wifi firmware version: a9f5b59
I (605) wifi:wifi certification version: v7.0
I (605) wifi:config NVS flash: enabled
I (605) wifi:config nano formating: disabled
I (615) wifi:Init data frame dynamic rx buffer num: 32
I (615) wifi:Init static rx mgmt buffer num: 5
I (615) wifi:Init management short buffer num: 32
I (625) wifi:Init dynamic tx buffer num: 32
I (625) wifi:Init static rx buffer size: 1600
I (635) wifi:Init static rx buffer num: 10
I (635) wifi:Init dynamic rx buffer num: 32
[0;32mI (645) wifi_init: rx ba win: 6[0m
[0;32mI (645) wifi_init: tcpip mbox: 32[0m
[0;32mI (645) wifi_init: udp mbox: 6[0m
[0;32mI (655) wifi_init: tcp mbox: 6[0m
[0;32mI (655) wifi_init: tcp tx win: 5760[0m
[0;32mI (655) wifi_init: tcp rx win: 5760[0m
[0;32mI (665) wifi_init: tcp mss: 1440[0m
[0;32mI (665) wifi_init: WiFi IRAM OP enabled[0m
[0;32mI (675) wifi_init: WiFi RX IRAM OP enabled[0m
[0;32mI (675) phy_init: phy_version 4791,2c4672b,Dec 20 2023,16:06:06[0m
I BOD: Brownout detector was triggered


ets Jul 29 2019 12:21:46

rst:0xc (SW_CPU_RESET),boot:0x13 (SPI_FAST_FLASH_BOOT)
configsip: 0, SPIWP:0xee
clk_drv:0x00,q_drv:0x00,d_drv:0x00,cs0_drv:0x00,hd_drv:0x00,wp_drv:0x00
mode:DIO, clock div:2
load:0x3fff0030,len:7172
load:0x40078000,len:15540
load:0x40080400,len:4
ho 8 tail 4 room 4
load:0x40080404,len:3904
entry 0x40080640
[0;32mI (31) boot: ESP-IDF v5.2.1 2nd stage bootloader[0m
[0;32mI (31) boot: compile time May  7 2024 20:15:38[0m
[0;32mI (31) boot: Multicore bootloader[0m
[0;32mI (35) boot: chip revision: v3.0[0m
[0;32mI (39) boot.esp32: SPI Speed      : 40MHz[0m
[0;32mI (44) boot.esp32: SPI Mode       : DIO[0m
[0;32mI (48) boot.esp32: SPI Flash Size : 2MB[0m
[0;32mI (53) boot: Enabling RNG early entropy source...[0m
[0;32mI (58) boot: Partition Table:[0m
[0;32mI (62) boot: ## Label            Usage          Type ST Offset   Length[0m
[0;32mI (69) boot:  0 nvs              WiFi data        01 02 00009000 00006000[0m
[0;32mI (76) boot:  1 phy_init         RF data          01 01 0000f000 00001000[0m
[0;32mI (84) boot:  2 factory          factory app      00 00 00010000 00100000[0m
[0;32mI (91) boot: End of partition table[0m
[0;32mI (96) esp_image: segment 0: paddr=00010020 vaddr=3f400020 size=278c0h (161984) map[0m
[0;32mI (160) esp_image: segment 1: paddr=000378e8 vaddr=3ffb0000 size=03c14h ( 15380) load[0m
[0;32mI (166) esp_image: segment 2: paddr=0003b504 vaddr=40080000 size=04b14h ( 19220) load[0m
[0;32mI (173) esp_image: segment 3: paddr=00040020 vaddr=400d0020 size=9a250h (631376) map[0m
[0;32mI (390) esp_image: segment 4: paddr=000da278 vaddr=40084b14 size=11b68h ( 72552) load[0m
[0;32mI (430) boot: Loaded app from partition at offset 0x10000[0m
[0;32mI (430) boot: Disabling RNG early entropy source...[0m
[0;32mI (442) cpu_start: Multicore app[0m
[0;32mI (450) cpu_start: Pro cpu start user code[0m
[0;32mI (451) cpu_start: cpu freq: 160000000 Hz[0m
[0;32mI (451) cpu_start: Application information:[0m
[0;32mI (454) cpu_start: Project name:     mqtt-tcp[0m
[0;32mI (459) cpu_start: App version:      1[0m
[0;32mI (463) cpu_start: Compile time:     May 14 2024 19:25:55[0m
[0;32mI (469) cpu_start: ELF file SHA256:  fa9b7c28a...[0m
[0;32mI (474) cpu_start: ESP-IDF:          v5.2.1[0m
[0;32mI (479) cpu_start: Min chip rev:     v0.0[0m
[0;32mI (484) cpu_start: Max chip rev:     v3.99 [0m
[0;32mI (489) cpu_start: Chip rev:         v3.0[0m
[0;32mI (494) heap_init: Initializing. RAM available for dynamic allocation:[0m
[0;32mI (501) heap_init: At 3FFAE6E0 len 00001920 (6 KiB): DRAM[0m
[0;32mI (507) heap_init: At 3FFB8320 len 00027CE0 (159 KiB): DRAM[0m
[0;32mI (513) heap_init: At 3FFE0440 len 00003AE0 (14 KiB): D/IRAM[0m
[0;32mI (519) heap_init: At 3FFE4350 len 0001BCB0 (111 KiB): D/IRAM[0m
[0;32mI (526) heap_init: At 4009667C len 00009984 (38 KiB): IRAM[0m
[0;32mI (534) spi_flash: detected chip: generic[0m
[0;32mI (537) spi_flash: flash io: dio[0m
[0;33mW (541) spi_flash: Detected size(4096k) larger than the size in the binary image header(2048k). Using the size in the binary image header.[0m
[0;32mI (555) main_task: Started on CPU0[0m
[0;32mI (565) main_task: Calling app_main()[0m
[0;32mI (565) mqtt_example: [APP] Startup..[0m
[0;32mI (565) mqtt_example: [APP] Free memory: 278064 bytes[0m
[0;32mI (565) mqtt_example: [APP] IDF version: v5.2.1[0m
[0;32mI (595) example_connect: Start example_connect.[0m
I (605) wifi:wifi driver task: 3ffbfe78, prio:23, stack:6656, core=0
I (605) wifi:wifi firmware version: a9f5b59
I (605) wifi:wifi certification version: v7.0
I (605) wifi:config NVS flash: enabled
I (605) wifi:config nano formating: disabled
I (615) wifi:Init data frame dynamic rx buffer num: 32
I (615) wifi:Init static rx mgmt buffer num: 5
I (615) wifi:Init management short buffer num: 32
I (625) wifi:Init dynamic tx buffer num: 32
I (625) wifi:Init static rx buffer size: 1600
I (635) wifi:Init static rx buffer num: 10
I (635) wifi:Init dynamic rx buffer num: 32
[0;32mI (645) wifi_init: rx ba win: 6[0m
[0;32mI (645) wifi_init: tcpip mbox: 32[0m
[0;32mI (645) wifi_init: udp mbox: 6[0m
[0;32mI (655) wifi_init: tcp mbox: 6[0m
[0;32mI (655) wifi_init: tcp tx win: 5760[0m
[0;32mI (655) wifi_init: tcp rx win: 5760[0m
[0;32mI (665) wifi_init: tcp mss: 1440[0m
[0;32mI (665) wifi_init: WiFi IRAM OP enabled[0m
[0;32mI (675) wifi_init: WiFi RX IRAM OP enabled[0m
[0;32mI (675) phy_init: phy_version 4791,2c4672b,Dec 20 2023,16:06:06[0m
I BOD: Brownout detector was triggered


ets Jul 29 2019 12:21:46

rst:0xc (SW_CPU_RESET),boot:0x13 (SPI_FAST_FLASH_BOOT)
configsip: 0, SPIWP:0xee
clk_drv:0x00,q_drv:0x00,d_drv:0x00,cs0_drv:0x00,hd_drv:0x00,wp_drv:0x00
mode:DIO, clock div:2
load:0x3fff0030,len:7172
load:0x40078000,len:15540
load:0x40080400,len:4
ho 8 tail 4 room 4
load:0x40080404,len:3904
entry 0x40080640
[0;32mI (31) boot: ESP-IDF v5.2.1 2nd stage bootloader[0m
[0;32mI (31) boot: compile time May  7 2024 20:15:38[0m
[0;32mI (31) boot: Multicore bootloader[0m
[0;32mI (35) boot: chip revision: v3.0[0m
[0;32mI (39) boot.esp32: SPI Speed      : 40MHz[0m
[0;32mI (44) boot.esp32: SPI Mode       : DIO[0m
[0;32mI (48) boot.esp32: SPI Flash Size : 2MB[0m
[0;32mI (53) boot: Enabling RNG early entropy source...[0m
[0;32mI (58) boot: Partition Table:[0m
[0;32mI (62) boot: ## Label            Usage          Type ST Offset   Length[0m
[0;32mI (69) boot:  0 nvs              WiFi data        01 02 00009000 00006000[0m
[0;32mI (76) boot:  1 phy_init         RF data          01 01 0000f000 00001000[0m
[0;32mI (84) boot:  2 factory          factory app      00 00 00010000 00100000[0m
[0;32mI (91) boot: End of partition table[0m
[0;32mI (96) esp_image: segment 0: paddr=00010020 vaddr=3f400020 size=278c0h (161984) map[0m
[0;32mI (160) esp_image: segment 1: paddr=000378e8 vaddr=3ffb0000 size=03c14h ( 15380) load[0m
[0;32mI (166) esp_image: segment 2: paddr=0003b504 vaddr=40080000 size=04b14h ( 19220) load[0m
[0;32mI (173) esp_image: segment 3: paddr=00040020 vaddr=400d0020 size=9a250h (631376) map[0m
[0;32mI (390) esp_image: segment 4: paddr=000da278 vaddr=40084b14 size=11b68h ( 72552) load[0m
[0;32mI (430) boot: Loaded app from partition at offset 0x10000[0m
[0;32mI (430) boot: Disabling RNG early entropy source...[0m
[0;32mI (442) cpu_start: Multicore app[0m
[0;32mI (450) cpu_start: Pro cpu start user code[0m
[0;32mI (451) cpu_start: cpu freq: 160000000 Hz[0m
[0;32mI (451) cpu_start: Application information:[0m
[0;32mI (454) cpu_start: Project name:     mqtt-tcp[0m
[0;32mI (459) cpu_start: App version:      1[0m
[0;32mI (463) cpu_start: Compile time:     May 14 2024 19:25:55[0m
[0;32mI (469) cpu_start: ELF file SHA256:  fa9b7c28a...[0m
[0;32mI (474) cpu_start: ESP-IDF:          v5.2.1[0m
[0;32mI (479) cpu_start: Min chip rev:     v0.0[0m
[0;32mI (484) cpu_start: Max chip rev:     v3.99 [0m
[0;32mI (489) cpu_start: Chip rev:         v3.0[0m
[0;32mI (494) heap_init: Initializing. RAM available for dynamic allocation:[0m
[0;32mI (501) heap_init: At 3FFAE6E0 len 00001920 (6 KiB): DRAM[0m
[0;32mI (507) heap_init: At 3FFB8320 len 00027CE0 (159 KiB): DRAM[0m
[0;32mI (513) heap_init: At 3FFE0440 len 00003AE0 (14 KiB): D/IRAM[0m
[0;32mI (519) heap_init: At 3FFE4350 len 0001BCB0 (111 KiB): D/IRAM[0m
[0;32mI (526) heap_init: At 4009667C len 00009984 (38 KiB): IRAM[0m
[0;32mI (534) spi_flash: detected chip: generic[0m
[0;32mI (537) spi_flash: flash io: dio[0m
[0;33mW (541) spi_flash: Detected size(4096k) larger than the size in the binary image header(2048k). Using the size in the binary image header.[0m
[0;32mI (555) main_task: Started on CPU0[0m
[0;32mI (565) main_task: Calling app_main()[0m
[0;32mI (565) mqtt_example: [APP] Startup..[0m
[0;32mI (565) mqtt_example: [APP] Free memory: 278064 bytes[0m
[0;32mI (565) mqtt_example: [APP] IDF version: v5.2.1[0m
[0;32mI (595) example_connect: Start example_connect.[0m
I (605) wifi:wifi driver task: 3ffbfe78, prio:23, stack:6656, core=0
I (605) wifi:wifi firmware version: a9f5b59
I (605) wifi:wifi certification version: v7.0
I (605) wifi:config NVS flash: enabled
I (605) wifi:config nano formating: disabled
I (615) wifi:Init data frame dynamic rx buffer num: 32
I (615) wifi:Init static rx mgmt buffer num: 5
I (615) wifi:Init management short buffer num: 32
I (625) wifi:Init dynamic tx buffer num: 32
I (625) wifi:Init static rx buffer size: 1600
I (635) wifi:Init static rx buffer num: 10
I (635) wifi:Init dynamic rx buffer num: 32
[0;32mI (645) wifi_init: rx ba win: 6[0m
[0;32mI (645) wifi_init: tcpip mbox: 32[0m
[0;32mI (645) wifi_init: udp mbox: 6[0m
[0;32mI (655) wifi_init: tcp mbox: 6[0m
[0;32mI (655) wifi_init: tcp tx win: 5760[0m
[0;32mI (655) wifi_init: tcp rx win: 5760[0m
[0;32mI (665) wifi_init: tcp mss: 1440[0m
[0;32mI (665) wifi_init: WiFi IRAM OP enabled[0m
[0;32mI (675) wifi_init: WiFi RX IRAM OP enabled[0m
[0;32mI (675) phy_init: phy_version 4791,2c4672b,Dec 20 2023,16:06:06[0m
I BOD: Brownout detector was triggered


ets Jul 29 2019 12:21:46

rst:0xc (SW_CPU_RESET),boot:0x13 (SPI_FAST_FLASH_BOOT)
configsip: 0, SPIWP:0xee
clk_drv:0x00,q_drv:0x00,d_drv:0x00,cs0_drv:0x00,hd_drv:0x00,wp_drv:0x00
mode:DIO, clock div:2
load:0x3fff0030,len:7172
load:0x40078000,len:15540
load:0x40080400,len:4
ho 8 tail 4 room 4
load:0x40080404,len:3904
entry 0x40080640
[0;32mI (31) boot: ESP-IDF v5.2.1 2nd stage bootloader[0m
[0;32mI (31) boot: compile time May  7 2024 20:15:38[0m
[0;32mI (31) boot: Multicore bootloader[0m
[0;32mI (35) boot: chip revision: v3.0[0m
[0;32mI (39) boot.esp32: SPI Speed      : 40MHz[0m
[0;32mI (44) boot.esp32: SPI Mode       : DIO[0m
[0;32mI (48) boot.esp32: SPI Flash Size : 2MB[0m
[0;32mI (53) boot: Enabling RNG early entropy source...[0m
[0;32mI (58) boot: Partition Table:[0m
[0;32mI (62) boot: ## Label            Usage          Type ST Offset   Length[0m
[0;32mI (69) boot:  0 nvs              WiFi data        01 02 00009000 00006000[0m
[0;32mI (76) boot:  1 phy_init         RF data          01 01 0000f000 00001000[0m
[0;32mI (84) boot:  2 factory          factory app      00 00 00010000 00100000[0m
[0;32mI (91) boot: End of partition table[0m
[0;32mI (96) esp_image: segment 0: paddr=00010020 vaddr=3f400020 size=278c0h (161984) map[0m
[0;32mI (160) esp_image: segment 1: paddr=000378e8 vaddr=3ffb0000 size=03c14h ( 15380) load[0m
[0;32mI (166) esp_image: segment 2: paddr=0003b504 vaddr=40080000 size=04b14h ( 19220) load[0m
[0;32mI (173) esp_image: segment 3: paddr=00040020 vaddr=400d0020 size=9a250h (631376) map[0m
[0;32mI (390) esp_image: segment 4: paddr=000da278 vaddr=40084b14 size=11b68h ( 72552) load[0m
[0;32mI (430) boot: Loaded app from partition at offset 0x10000[0m
[0;32mI (430) boot: Disabling RNG early entropy source...[0m
[0;32mI (442) cpu_start: Multicore app[0m
[0;32mI (450) cpu_start: Pro cpu start user code[0m
[0;32mI (451) cpu_start: cpu freq: 160000000 Hz[0m
[0;32mI (451) cpu_start: Application information:[0m
[0;32mI (454) cpu_start: Project name:     mqtt-tcp[0m
[0;32mI (459) cpu_start: App version:      1[0m
[0;32mI (463) cpu_start: Compile time:     May 14 2024 19:25:55[0m
[0;32mI (469) cpu_start: ELF file SHA256:  fa9b7c28a...[0m
[0;32mI (474) cpu_start: ESP-IDF:          v5.2.1[0m
[0;32mI (479) cpu_start: Min chip rev:     v0.0[0m
[0;32mI (484) cpu_start: Max chip rev:     v3.99 [0m
[0;32mI (489) cpu_start: Chip rev:         v3.0[0m
[0;32mI (494) heap_init: Initializing. RAM available for dynamic allocation:[0m
[0;32mI (501) heap_init: At 3FFAE6E0 len 00001920 (6 KiB): DRAM[0m
[0;32mI (507) heap_init: At 3FFB8320 len 00027CE0 (159 KiB): DRAM[0m
[0;32mI (513) heap_init: At 3FFE0440 len 00003AE0 (14 KiB): D/IRAM[0m
[0;32mI (519) heap_init: At 3FFE4350 len 0001BCB0 (111 KiB): D/IRAM[0m
[0;32mI (526) heap_init: At 4009667C len 00009984 (38 KiB): IRAM[0m
[0;32mI (534) spi_flash: detected chip: generic[0m
[0;32mI (537) spi_flash: flash io: dio[0m
[0;33mW (541) spi_flash: Detected size(4096k) larger than the size in the binary image header(2048k). Using the size in the binary image header.[0m
[0;32mI (555) main_task: Started on CPU0[0m
[0;32mI (565) main_task: Calling app_main()[0m
[0;32mI (565) mqtt_example: [APP] Startup..[0m
[0;32mI (565) mqtt_example: [APP] Free memory: 278064 bytes[0m
[0;32mI (565) mqtt_example: [APP] IDF version: v5.2.1[0m
[0;32mI (595) example_connect: Start example_connect.[0m
I (605) wifi:wifi driver task: 3ffbfe78, prio:23, stack:6656, core=0
I (605) wifi:wifi firmware version: a9f5b59
I (605) wifi:wifi certification version: v7.0
I (605) wifi:config NVS flash: enabled
I (605) wifi:config nano formating: disabled
I (615) wifi:Init data frame dynamic rx buffer num: 32
I (615) wifi:Init static rx mgmt buffer num: 5
I (615) wifi:Init management short buffer num: 32
I (625) wifi:Init dynamic tx buffer num: 32
I (625) wifi:Init static rx buffer size: 1600
I (635) wifi:Init static rx buffer num: 10
I (635) wifi:Init dynamic rx buffer num: 32
[0;32mI (645) wifi_init: rx ba win: 6[0m
[0;32mI (645) wifi_init: tcpip mbox: 32[0m
[0;32mI (645) wifi_init: udp mbox: 6[0m
[0;32mI (655) wifi_init: tcp mbox: 6[0m
[0;32mI (655) wifi_init: tcp tx win: 5760[0m
[0;32mI (655) wifi_init: tcp rx win: 5760[0m
[0;32mI (665) wifi_init: tcp mss: 1440[0m
[0;32mI (665) wifi_init: WiFi IRAM OP enabled[0m
[0;32mI (675) wifi_init: WiFi RX IRAM OP enabled[0m
[0;32mI (675) phy_init: phy_version 4791,2c4672b,Dec 20 2023,16:06:06[0m
I BOD: Brownout detector was triggered


ets Jul 29 2019 12:21:46

rst:0xc (SW_CPU_RESET),boot:0x13 (SPI_FAST_FLASH_BOOT)
configsip: 0, SPIWP:0xee
clk_drv:0x00,q_drv:0x00,d_drv:0x00,cs0_drv:0x00,hd_drv:0x00,wp_drv:0x00
mode:DIO, clock div:2
load:0x3fff0030,len:7172
load:0x40078000,len:15540
load:0x40080400,len:4
ho 8 tail 4 room 4
load:0x40080404,len:3904
entry 0x40080640
[0;32mI (31) boot: ESP-IDF v5.2.1 2nd stage bootloader[0m
[0;32mI (31) boot: compile time May  7 2024 20:15:38[0m
[0;32mI (31) boot: Multicore bootloader[0m
[0;32mI (35) boot: chip revision: v3.0[0m
[0;32mI (39) boot.esp32: SPI Speed      : 40MHz[0m
[0;32mI (44) boot.esp32: SPI Mode       : DIO[0m
[0;32mI (48) boot.esp32: SPI Flash Size : 2MB[0m
[0;32mI (53) boot: Enabling RNG early entropy source...[0m
[0;32mI (58) boot: Partition Table:[0m
[0;32mI (62) boot: ## Label            Usage          Type ST Offset   Length[0m
[0;32mI (69) boot:  0 nvs              WiFi data        01 02 00009000 00006000[0m
[0;32mI (76) boot:  1 phy_init         RF data          01 01 0000f000 00001000[0m
[0;32mI (84) boot:  2 factory          factory app      00 00 00010000 00100000[0m
[0;32mI (91) boot: End of partition table[0m
[0;32mI (96) esp_image: segment 0: paddr=00010020 vaddr=3f400020 size=278c0h (161984) map[0m
[0;32mI (160) esp_image: segment 1: paddr=000378e8 vaddr=3ffb0000 size=03c14h ( 15380) load[0m
[0;32mI (166) esp_image: segment 2: paddr=0003b504 vaddr=40080000 size=04b14h ( 19220) load[0m
[0;32mI (173) esp_image: segment 3: paddr=00040020 vaddr=400d0020 size=9a250h (631376) map[0m
[0;32mI (390) esp_image: segment 4: paddr=000da278 vaddr=40084b14 size=11b68h ( 72552) load[0m
[0;32mI (430) boot: Loaded app from partition at offset 0x10000[0m
[0;32mI (430) boot: Disabling RNG early entropy source...[0m
[0;32mI (442) cpu_start: Multicore app[0m
[0;32mI (450) cpu_start: Pro cpu start user code[0m
[0;32mI (451) cpu_start: cpu freq: 160000000 Hz[0m
[0;32mI (451) cpu_start: Application information:[0m
[0;32mI (454) cpu_start: Project name:     mqtt-tcp[0m
[0;32mI (459) cpu_start: App version:      1[0m
[0;32mI (463) cpu_start: Compile time:     May 14 2024 19:25:55[0m
[0;32mI (469) cpu_start: ELF file SHA256:  fa9b7c28a...[0m
[0;32mI (474) cpu_start: ESP-IDF:          v5.2.1[0m
[0;32mI (479) cpu_start: Min chip rev:     v0.0[0m
[0;32mI (484) cpu_start: Max chip rev:     v3.99 [0m
[0;32mI (489) cpu_start: Chip rev:         v3.0[0m
[0;32mI (494) heap_init: Initializing. RAM available for dynamic allocation:[0m
[0;32mI (501) heap_init: At 3FFAE6E0 len 00001920 (6 KiB): DRAM[0m
[0;32mI (507) heap_init: At 3FFB8320 len 00027CE0 (159 KiB): DRAM[0m
[0;32mI (513) heap_init: At 3FFE0440 len 00003AE0 (14 KiB): D/IRAM[0m
[0;32mI (519) heap_init: At 3FFE4350 len 0001BCB0 (111 KiB): D/IRAM[0m
[0;32mI (526) heap_init: At 4009667C len 00009984 (38 KiB): IRAM[0m
[0;32mI (534) spi_flash: detected chip: generic[0m
[0;32mI (537) spi_flash: flash io: dio[0m
[0;33mW (541) spi_flash: Detected size(4096k) larger than the size in the binary image header(2048k). Using the size in the binary image header.[0m
[0;32mI (555) main_task: Started on CPU0[0m
[0;32mI (565) main_task: Calling app_main()[0m
[0;32mI (565) mqtt_example: [APP] Startup..[0m
[0;32mI (565) mqtt_example: [APP] Free memory: 278064 bytes[0m
[0;32mI (565) mqtt_example: [APP] IDF version: v5.2.1[0m
[0;32mI (595) example_connect: Start example_connect.[0m
I (605) wifi:wifi driver task: 3ffbfe78, prio:23, stack:6656, core=0
I (605) wifi:wifi firmware version: a9f5b59
I (605) wifi:wifi certification version: v7.0
I (605) wifi:config NVS flash: enabled
I (605) wifi:config nano formating: disabled
I (615) wifi:Init data frame dynamic rx buffer num: 32
I (615) wifi:Init static rx mgmt buffer num: 5
I (615) wifi:Init management short buffer num: 32
I (625) wifi:Init dynamic tx buffer num: 32
I (625) wifi:Init static rx buffer size: 1600
I (635) wifi:Init static rx buffer num: 10
I (635) wifi:Init dynamic rx buffer num: 32
[0;32mI (645) wifi_init: rx ba win: 6[0m
[0;32mI (645) wifi_init: tcpip mbox: 32[0m
[0;32mI (645) wifi_init: udp mbox: 6[0m
[0;32mI (655) wifi_init: tcp mbox: 6[0m
[0;32mI (655) wifi_init: tcp tx win: 5760[0m
[0;32mI (655) wifi_init: tcp rx win: 5760[0m
[0;32mI (665) wifi_init: tcp mss: 1440[0m
[0;32mI (665) wifi_init: WiFi IRAM OP enabled[0m
[0;32mI (675) wifi_init: WiFi RX IRAM OP enabled[0m
[0;32mI (675) phy_init: phy_version 4791,2c4672b,Dec 20 2023,16:06:06[0m
I BOD: Brownout detector was triggered


ets Jul 29 2019 12:21:46

rst:0xc (SW_CPU_RESET),boot:0x13 (SPI_FAST_FLASH_BOOT)
configsip: 0, SPIWP:0xee
clk_drv:0x00,q_drv:0x00,d_drv:0x00,cs0_drv:0x00,hd_drv:0x00,wp_drv:0x00
mode:DIO, clock div:2
load:0x3fff0030,len:7172
load:0x40078000,len:15540
load:0x40080400,len:4
ho 8 tail 4 room 4
load:0x40080404,len:3904
entry 0x40080640
[0;32mI (31) boot: ESP-IDF v5.2.1 2nd stage bootloader[0m
[0;32mI (31) boot: compile time May  7 2024 20:15:38[0m
[0;32mI (31) boot: Multicore bootloader[0m
[0;32mI (35) boot: chip revision: v3.0[0m
[0;32mI (39) boot.esp32: SPI Speed      : 40MHz[0m
[0;32mI (44) boot.esp32: SPI Mode       : DIO[0m
[0;32mI (48) boot.esp32: SPI Flash Size : 2MB[0m
[0;32mI (53) boot: Enabling RNG early entropy source...[0m
[0;32mI (58) boot: Partition Table:[0m
[0;32mI (62) boot: ## Label            Usage          Type ST Offset   Length[0m
[0;32mI (69) boot:  0 nvs              WiFi data        01 02 00009000 00006000[0m
[0;32mI (76) boot:  1 phy_init         RF data          01 01 0000f000 00001000[0m
[0;32mI (84) boot:  2 factory          factory app      00 00 00010000 00100000[0m
[0;32mI (91) boot: End of partition table[0m
[0;32mI (96) esp_image: segment 0: paddr=00010020 vaddr=3f400020 size=278c0h (161984) map[0m
[0;32mI (160) esp_image: segment 1: paddr=000378e8 vaddr=3ffb0000 size=03c14h ( 15380) load[0m
[0;32mI (166) esp_image: segment 2: paddr=0003b504 vaddr=40080000 size=04b14h ( 19220) load[0m
[0;32mI (173) esp_image: segment 3: paddr=00040020 vaddr=400d0020 size=9a250h (631376) map[0m
[0;32mI (390) esp_image: segment 4: paddr=000da278 vaddr=40084b14 size=11b68h ( 72552) load[0m
[0;32mI (430) boot: Loaded app from partition at offset 0x10000[0m
[0;32mI (430) boot: Disabling RNG early entropy source...[0m
[0;32mI (442) cpu_start: Multicore app[0m
[0;32mI (450) cpu_start: Pro cpu start user code[0m
[0;32mI (451) cpu_start: cpu freq: 160000000 Hz[0m
[0;32mI (451) cpu_start: Application information:[0m
[0;32mI (454) cpu_start: Project name:     mqtt-tcp[0m
[0;32mI (459) cpu_start: App version:      1[0m
[0;32mI (463) cpu_start: Compile time:     May 14 2024 19:25:55[0m
[0;32mI (469) cpu_start: ELF file SHA256:  fa9b7c28a...[0m
[0;32mI (474) cpu_start: ESP-IDF:          v5.2.1[0m
[0;32mI (479) cpu_start: Min chip rev:     v0.0[0m
[0;32mI (484) cpu_start: Max chip rev:     v3.99 [0m
[0;32mI (489) cpu_start: Chip rev:         v3.0[0m
[0;32mI (494) heap_init: Initializing. RAM available for dynamic allocation:[0m
[0;32mI (501) heap_init: At 3FFAE6E0 len 00001920 (6 KiB): DRAM[0m
[0;32mI (507) heap_init: At 3FFB8320 len 00027CE0 (159 KiB): DRAM[0m
[0;32mI (513) heap_init: At 3FFE0440 len 00003AE0 (14 KiB): D/IRAM[0m
[0;32mI (519) heap_init: At 3FFE4350 len 0001BCB0 (111 KiB): D/IRAM[0m
[0;32mI (526) heap_init: At 4009667C len 00009984 (38 KiB): IRAM[0m
[0;32mI (534) spi_flash: detected chip: generic[0m
[0;32mI (537) spi_flash: flash io: dio[0m
[0;33mW (541) spi_flash: Detected size(4096k) larger than the size in the binary image header(2048k). Using the size in the binary image header.[0m
[0;32mI (555) main_task: Started on CPU0[0m
[0;32mI (565) main_task: Calling app_main()[0m
[0;32mI (565) mqtt_example: [APP] Startup..[0m
[0;32mI (565) mqtt_example: [APP] Free memory: 278064 bytes[0m
[0;32mI (565) mqtt_example: [APP] IDF version: v5.2.1[0m
[0;32mI (595) example_connect: Start example_connect.[0m
I (605) wifi:wifi driver task: 3ffbfe78, prio:23, stack:6656, core=0
I (605) wifi:wifi firmware version: a9f5b59
I (605) wifi:wifi certification version: v7.0
I (605) wifi:config NVS flash: enabled
I (605) wifi:config nano formating: disabled
I (615) wifi:Init data frame dynamic rx buffer num: 32
I (615) wifi:Init static rx mgmt buffer num: 5
I (615) wifi:Init management short buffer num: 32
I (625) wifi:Init dynamic tx buffer num: 32
I (625) wifi:Init static rx buffer size: 1600
I (635) wifi:Init static rx buffer num: 10
I (635) wifi:Init dynamic rx buffer num: 32
[0;32mI (645) wifi_init: rx ba win: 6[0m
[0;32mI (645) wifi_init: tcpip mbox: 32[0m
[0;32mI (645) wifi_init: udp mbox: 6[0m
[0;32mI (655) wifi_init: tcp mbox: 6[0m
[0;32mI (655) wifi_init: tcp tx win: 5760[0m
[0;32mI (655) wifi_init: tcp rx win: 5760[0m
[0;32mI (665) wifi_init: tcp mss: 1440[0m
[0;32mI (665) wifi_init: WiFi IRAM OP enabled[0m
[0;32mI (675) wifi_init: WiFi RX IRAM OP enabled[0m
[0;32mI (675) phy_init: phy_version 4791,2c4672b,Dec 20 2023,16:06:06[0m
I BOD: Brownout detector was triggered


ets Jul 29 2019 12:21:46

rst:0xc (SW_CPU_RESET),boot:0x13 (SPI_FAST_FLASH_BOOT)
configsip: 0, SPIWP:0xee
clk_drv:0x00,q_drv:0x00,d_drv:0x00,cs0_drv:0x00,hd_drv:0x00,wp_drv:0x00
mode:DIO, clock div:2
load:0x3fff0030,len:7172
load:0x40078000,len:15540
load:0x40080400,len:4
ho 8 tail 4 room 4
load:0x40080404,len:3904
entry 0x40080640
[0;32mI (31) boot: ESP-IDF v5.2.1 2nd stage bootloader[0m
[0;32mI (31) boot: compile time May  7 2024 20:15:38[0m
[0;32mI (31) boot: Multicore bootloader[0m
[0;32mI (35) boot: chip revision: v3.0[0m
[0;32mI (39) boot.esp32: SPI Speed      : 40MHz[0m
[0;32mI (44) boot.esp32: SPI Mode       : DIO[0m
[0;32mI (48) boot.esp32: SPI Flash Size : 2MB[0m
[0;32mI (53) boot: Enabling RNG early entropy source...[0m
[0;32mI (58) boot: Partition Table:[0m
[0;32mI (62) boot: ## Label            Usage          Type ST Offset   Length[0m
[0;32mI (69) boot:  0 nvs              WiFi data        01 02 00009000 00006000[0m
[0;32mI (76) boot:  1 phy_init         RF data          01 01 0000f000 00001000[0m
[0;32mI (84) boot:  2 factory          factory app      00 00 00010000 00100000[0m
[0;32mI (91) boot: End of partition table[0m
[0;32mI (96) esp_image: segment 0: paddr=00010020 vaddr=3f400020 size=278c0h (161984) map[0m
[0;32mI (160) esp_image: segment 1: paddr=000378e8 vaddr=3ffb0000 size=03c14h ( 15380) load[0m
[0;32mI (166) esp_image: segment 2: paddr=0003b504 vaddr=40080000 size=04b14h ( 19220) load[0m
[0;32mI (173) esp_image: segment 3: paddr=00040020 vaddr=400d0020 size=9a250h (631376) map[0m
[0;32mI (390) esp_image: segment 4: paddr=000da278 vaddr=40084b14 size=11b68h ( 72552) load[0m
[0;32mI (430) boot: Loaded app from partition at offset 0x10000[0m
[0;32mI (430) boot: Disabling RNG early entropy source...[0m
[0;32mI (442) cpu_start: Multicore app[0m
[0;32mI (450) cpu_start: Pro cpu start user code[0m
[0;32mI (451) cpu_start: cpu freq: 160000000 Hz[0m
[0;32mI (451) cpu_start: Application information:[0m
[0;32mI (454) cpu_start: Project name:     mqtt-tcp[0m
[0;32mI (459) cpu_start: App version:      1[0m
[0;32mI (463) cpu_start: Compile time:     May 14 2024 19:25:55[0m
[0;32mI (469) cpu_start: ELF file SHA256:  fa9b7c28a...[0m
[0;32mI (474) cpu_start: ESP-IDF:          v5.2.1[0m
[0;32mI (479) cpu_start: Min chip rev:     v0.0[0m
[0;32mI (484) cpu_start: Max chip rev:     v3.99 [0m
[0;32mI (489) cpu_start: Chip rev:         v3.0[0m
[0;32mI (494) heap_init: Initializing. RAM available for dynamic allocation:[0m
[0;32mI (501) heap_init: At 3FFAE6E0 len 00001920 (6 KiB): DRAM[0m
[0;32mI (507) heap_init: At 3FFB8320 len 00027CE0 (159 KiB): DRAM[0m
[0;32mI (513) heap_init: At 3FFE0440 len 00003AE0 (14 KiB): D/IRAM[0m
[0;32mI (519) heap_init: At 3FFE4350 len 0001BCB0 (111 KiB): D/IRAM[0m
[0;32mI (526) heap_init: At 4009667C len 00009984 (38 KiB): IRAM[0m
[0;32mI (534) spi_flash: detected chip: generic[0m
[0;32mI (537) spi_flash: flash io: dio[0m
[0;33mW (541) spi_flash: Detected size(4096k) larger than the size in the binary image header(2048k). Using the size in the binary image header.[0m
[0;32mI (555) main_task: Started on CPU0[0m
[0;32mI (565) main_task: Calling app_main()[0m
[0;32mI (565) mqtt_example: [APP] Startup..[0m
[0;32mI (565) mqtt_example: [APP] Free memory: 278064 bytes[0m
[0;32mI (565) mqtt_example: [APP] IDF version: v5.2.1[0m
[0;32mI (595) example_connect: Start example_connect.[0m
I (605) wifi:wifi driver task: 3ffbfe78, prio:23, stack:6656, core=0
I (605) wifi:wifi firmware version: a9f5b59
I (605) wifi:wifi certification version: v7.0
I (605) wifi:config NVS flash: enabled
I (605) wifi:config nano formating: disabled
I (615) wifi:Init data frame dynamic rx buffer num: 32
I (615) wifi:Init static rx mgmt buffer num: 5
I (615) wifi:Init management short buffer num: 32
I (625) wifi:Init dynamic tx buffer num: 32
I (625) wifi:Init static rx buffer size: 1600
I (635) wifi:Init static rx buffer num: 10
I (635) wifi:Init dynamic rx buffer num: 32
[0;32mI (645) wifi_init: rx ba win: 6[0m
[0;32mI (645) wifi_init: tcpip mbox: 32[0m
[0;32mI (645) wifi_init: udp mbox: 6[0m
[0;32mI (655) wifi_init: tcp mbox: 6[0m
[0;32mI (655) wifi_init: tcp tx win: 5760[0m
[0;32mI (655) wifi_init: tcp rx win: 5760[0m
[0;32mI (665) wifi_init: tcp mss: 1440[0m
[0;32mI (665) wifi_init: WiFi IRAM OP enabled[0m
[0;32mI (675) wifi_init: WiFi RX IRAM OP enabled[0m
[0;32mI (675) phy_init: phy_version 4791,2c4672b,Dec 20 2023,16:06:06[0m
I BOD: Brownout detector was triggered


ets Jul 29 2019 12:21:46

rst:0xc (SW_CPU_RESET),boot:0x13 (SPI_FAST_FLASH_BOOT)
configsip: 0, SPIWP:0xee
clk_drv:0x00,q_drv:0x00,d_drv:0x00,cs0_drv:0x00,hd_drv:0x00,wp_drv:0x00
mode:DIO, clock div:2
load:0x3fff0030,len:7172
load:0x40078000,len:15540
load:0x40080400,len:4
ho 8 tail 4 room 4
load:0x40080404,len:3904
entry 0x40080640
[0;32mI (31) boot: ESP-IDF v5.2.1 2nd stage bootloader[0m
[0;32mI (31) boot: compile time May  7 2024 20:15:38[0m
[0;32mI (31) boot: Multicore bootloader[0m
[0;32mI (35) boot: chip revision: v3.0[0m
[0;32mI (39) boot.esp32: SPI Speed      : 40MHz[0m
[0;32mI (44) boot.esp32: SPI Mode       : DIO[0m
[0;32mI (48) boot.esp32: SPI Flash Size : 2MB[0m
[0;32mI (53) boot: Enabling RNG early entropy source...[0m
[0;32mI (58) boot: Partition Table:[0m
[0;32mI (62) boot: ## Label            Usage          Type ST Offset   Length[0m
[0;32mI (69) boot:  0 nvs              WiFi data        01 02 00009000 00006000[0m
[0;32mI (76) boot:  1 phy_init         RF data          01 01 0000f000 00001000[0m
[0;32mI (84) boot:  2 factory          factory app      00 00 00010000 00100000[0m
[0;32mI (91) boot: End of partition table[0m
[0;32mI (96) esp_image: segment 0: paddr=00010020 vaddr=3f400020 size=278c0h (161984) map[0m
[0;32mI (160) esp_image: segment 1: paddr=000378e8 vaddr=3ffb0000 size=03c14h ( 15380) load[0m
[0;32mI (166) esp_image: segment 2: paddr=0003b504 vaddr=40080000 size=04b14h ( 19220) load[0m
[0;32mI (173) esp_image: segment 3: paddr=00040020 vaddr=400d0020 size=9a250h (631376) map[0m
[0;32mI (390) esp_image: segment 4: paddr=000da278 vaddr=40084b14 size=11b68h ( 72552) load[0m
[0;32mI (430) boot: Loaded app from partition at offset 0x10000[0m
[0;32mI (430) boot: Disabling RNG early entropy source...[0m
[0;32mI (442) cpu_start: Multicore app[0m
[0;32mI (450) cpu_start: Pro cpu start user code[0m
[0;32mI (451) cpu_start: cpu freq: 160000000 Hz[0m
[0;32mI (451) cpu_start: Application information:[0m
[0;32mI (454) cpu_start: Project name:     mqtt-tcp[0m
[0;32mI (459) cpu_start: App version:      1[0m
[0;32mI (463) cpu_start: Compile time:     May 14 2024 19:25:55[0m
[0;32mI (469) cpu_start: ELF file SHA256:  fa9b7c28a...[0m
[0;32mI (474) cpu_start: ESP-IDF:          v5.2.1[0m
[0;32mI (479) cpu_start: Min chip rev:     v0.0[0m
[0;32mI (484) cpu_start: Max chip rev:     v3.99 [0m
[0;32mI (489) cpu_start: Chip rev:         v3.0[0m
[0;32mI (494) heap_init: Initializing. RAM available for dynamic allocation:[0m
[0;32mI (501) heap_init: At 3FFAE6E0 len 00001920 (6 KiB): DRAM[0m
[0;32mI (507) heap_init: At 3FFB8320 len 00027CE0 (159 KiB): DRAM[0m
[0;32mI (513) heap_init: At 3FFE0440 len 00003AE0 (14 KiB): D/IRAM[0m
[0;32mI (519) heap_init: At 3FFE4350 len 0001BCB0 (111 KiB): D/IRAM[0m
[0;32mI (526) heap_init: At 4009667C len 00009984 (38 KiB): IRAM[0m
[0;32mI (534) spi_flash: detected chip: generic[0m
[0;32mI (537) spi_flash: flash io: dio[0m
[0;33mW (541) spi_flash: Detected size(4096k) larger than the size in the binary image header(2048k). Using the size in the binary image header.[0m
[0;32mI (555) main_task: Started on CPU0[0m
[0;32mI (565) main_task: Calling app_main()[0m
[0;32mI (565) mqtt_example: [APP] Startup..[0m
[0;32mI (565) mqtt_example: [APP] Free memory: 278064 bytes[0m
[0;32mI (565) mqtt_example: [APP] IDF version: v5.2.1[0m
[0;32mI (595) example_connect: Start example_connect.[0m
I (605) wifi:wifi driver task: 3ffbfe78, prio:23, stack:6656, core=0
I (605) wifi:wifi firmware version: a9f5b59
I (605) wifi:wifi certification version: v7.0
I (605) wifi:config NVS flash: enabled
I (605) wifi:config nano formating: disabled
I (615) wifi:Init data frame dynamic rx buffer num: 32
I (615) wifi:Init static rx mgmt buffer num: 5
I (615) wifi:Init management short buffer num: 32
I (625) wifi:Init dynamic tx buffer num: 32
I (625) wifi:Init static rx buffer size: 1600
I (635) wifi:Init static rx buffer num: 10
I (635) wifi:Init dynamic rx buffer num: 32
[0;32mI (645) wifi_init: rx ba win: 6[0m
[0;32mI (645) wifi_init: tcpip mbox: 32[0m
[0;32mI (645) wifi_init: udp mbox: 6[0m
[0;32mI (655) wifi_init: tcp mbox: 6[0m
[0;32mI (655) wifi_init: tcp tx win: 5760[0m
[0;32mI (655) wifi_init: tcp rx win: 5760[0m
[0;32mI (665) wifi_init: tcp mss: 1440[0m
[0;32mI (665) wifi_init: WiFi IRAM OP enabled[0m
[0;32mI (675) wifi_init: WiFi RX IRAM OP enabled[0m
[0;32mI (675) phy_init: phy_version 4791,2c4672b,Dec 20 2023,16:06:06[0m
I BOD: Brownout detector was triggered


ets Jul 29 2019 12:21:46

rst:0xc (SW_CPU_RESET),boot:0x13 (SPI_FAST_FLASH_BOOT)
configsip: 0, SPIWP:0xee
clk_drv:0x00,q_drv:0x00,d_drv:0x00,cs0_drv:0x00,hd_drv:0x00,wp_drv:0x00
mode:DIO, clock div:2
load:0x3fff0030,len:7172
load:0x40078000,len:15540
load:0x40080400,len:4
ho 8 tail 4 room 4
load:0x40080404,len:3904
entry 0x40080640
[0;32mI (31) boot: ESP-IDF v5.2.1 2nd stage bootloader[0m
[0;32mI (31) boot: compile time May  7 2024 20:15:38[0m
[0;32mI (31) boot: Multicore bootloader[0m
[0;32mI (35) boot: chip revision: v3.0[0m
[0;32mI (39) boot.esp32: SPI Speed      : 40MHz[0m
[0;32mI (44) boot.esp32: SPI Mode       : DIO[0m
[0;32mI (48) boot.esp32: SPI Flash Size : 2MB[0m
[0;32mI (53) boot: Enabling RNG early entropy source...[0m
[0;32mI (58) boot: Partition Table:[0m
[0;32mI (62) boot: ## Label            Usage          Type ST Offset   Length[0m
[0;32mI (69) boot:  0 nvs              WiFi data        01 02 00009000 00006000[0m
[0;32mI (76) boot:  1 phy_init         RF data          01 01 0000f000 00001000[0m
[0;32mI (84) boot:  2 factory          factory app      00 00 00010000 00100000[0m
[0;32mI (91) boot: End of partition table[0m
[0;32mI (96) esp_image: segment 0: paddr=00010020 vaddr=3f400020 size=278c0h (161984) map[0m
[0;32mI (160) esp_image: segment 1: paddr=000378e8 vaddr=3ffb0000 size=03c14h ( 15380) load[0m
[0;32mI (166) esp_image: segment 2: paddr=0003b504 vaddr=40080000 size=04b14h ( 19220) load[0m
[0;32mI (173) esp_image: segment 3: paddr=00040020 vaddr=400d0020 size=9a250h (631376) map[0m
[0;32mI (390) esp_image: segment 4: paddr=000da278 vaddr=40084b14 size=11b68h ( 72552) load[0m
[0;32mI (430) boot: Loaded app from partition at offset 0x10000[0m
[0;32mI (430) boot: Disabling RNG early entropy source...[0m
[0;32mI (442) cpu_start: Multicore app[0m
[0;32mI (450) cpu_start: Pro cpu start user code[0m
[0;32mI (451) cpu_start: cpu freq: 160000000 Hz[0m
[0;32mI (451) cpu_start: Application information:[0m
[0;32mI (454) cpu_start: Project name:     mqtt-tcp[0m
[0;32mI (459) cpu_start: App version:      1[0m
[0;32mI (463) cpu_start: Compile time:     May 14 2024 19:25:55[0m
[0;32mI (469) cpu_start: ELF file SHA256:  fa9b7c28a...[0m
[0;32mI (474) cpu_start: ESP-IDF:          v5.2.1[0m
[0;32mI (479) cpu_start: Min chip rev:     v0.0[0m
[0;32mI (484) cpu_start: Max chip rev:     v3.99 [0m
[0;32mI (489) cpu_start: Chip rev:         v3.0[0m
[0;32mI (494) heap_init: Initializing. RAM available for dynamic allocation:[0m
[0;32mI (501) heap_init: At 3FFAE6E0 len 00001920 (6 KiB): DRAM[0m
[0;32mI (507) heap_init: At 3FFB8320 len 00027CE0 (159 KiB): DRAM[0m
[0;32mI (513) heap_init: At 3FFE0440 len 00003AE0 (14 KiB): D/IRAM[0m
[0;32mI (519) heap_init: At 3FFE4350 len 0001BCB0 (111 KiB): D/IRAM[0m
[0;32mI (526) heap_init: At 4009667C len 00009984 (38 KiB): IRAM[0m
[0;32mI (534) spi_flash: detected chip: generic[0m
[0;32mI (537) spi_flash: flash io: dio[0m
[0;33mW (541) spi_flash: Detected size(4096k) larger than the size in the binary image header(2048k). Using the size in the binary image header.[0m
[0;32mI (555) main_task: Started on CPU0[0m
[0;32mI (565) main_task: Calling app_main()[0m
[0;32mI (565) mqtt_example: [APP] Startup..[0m
[0;32mI (565) mqtt_example: [APP] Free memory: 278064 bytes[0m
[0;32mI (565) mqtt_example: [APP] IDF version: v5.2.1[0m
[0;32mI (595) example_connect: Start example_connect.[0m
I (605) wifi:wifi driver task: 3ffbfe78, prio:23, stack:6656, core=0
I (605) wifi:wifi firmware version: a9f5b59
I (605) wifi:wifi certification version: v7.0
I (605) wifi:config NVS flash: enabled
I (605) wifi:config nano formating: disabled
I (615) wifi:Init data frame dynamic rx buffer num: 32
I (615) wifi:Init static rx mgmt buffer num: 5
I (615) wifi:Init management short buffer num: 32
I (625) wifi:Init dynamic tx buffer num: 32
I (625) wifi:Init static rx buffer size: 1600
I (635) wifi:Init static rx buffer num: 10
I (635) wifi:Init dynamic rx buffer num: 32
[0;32mI (645) wifi_init: rx ba win: 6[0m
[0;32mI (645) wifi_init: tcpip mbox: 32[0m
[0;32mI (645) wifi_init: udp mbox: 6[0m
[0;32mI (655) wifi_init: tcp mbox: 6[0m
[0;32mI (655) wifi_init: tcp tx win: 5760[0m
[0;32mI (655) wifi_init: tcp rx win: 5760[0m
[0;32mI (665) wifi_init: tcp mss: 1440[0m
[0;32mI (665) wifi_init: WiFi IRAM OP enabled[0m
[0;32mI (675) wifi_init: WiFi RX IRAM OP enabled[0m
[0;32mI (675) phy_init: phy_version 4791,2c4672b,Dec 20 2023,16:06:06[0m
I BOD: Brownout detector was triggered


ets Jul 29 2019 12:21:46

rst:0xc (SW_CPU_RESET),boot:0x13 (SPI_FAST_FLASH_BOOT)
configsip: 0, SPIWP:0xee
clk_drv:0x00,q_drv:0x00,d_drv:0x00,cs0_drv:0x00,hd_drv:0x00,wp_drv:0x00
mode:DIO, clock div:2
load:0x3fff0030,len:7172
load:0x40078000,len:15540
load:0x40080400,len:4
ho 8 tail 4 room 4
load:0x40080404,len:3904
entry 0x40080640
[0;32mI (31) boot: ESP-IDF v5.2.1 2nd stage bootloader[0m
[0;32mI (31) boot: compile time May  7 2024 20:15:38[0m
[0;32mI (31) boot: Multicore bootloader[0m
[0;32mI (35) boot: chip revision: v3.0[0m
[0;32mI (39) boot.esp32: SPI Speed      : 40MHz[0m
[0;32mI (44) boot.esp32: SPI Mode       : DIO[0m
[0;32mI (48) boot.esp32: SPI Flash Size : 2MB[0m
[0;32mI (53) boot: Enabling RNG early entropy source...[0m
[0;32mI (58) boot: Partition Table:[0m
[0;32mI (62) boot: ## Label            Usage          Type ST Offset   Length[0m
[0;32mI (69) boot:  0 nvs              WiFi data        01 02 00009000 00006000[0m
[0;32mI (76) boot:  1 phy_init         RF data          01 01 0000f000 00001000[0m
[0;32mI (84) boot:  2 factory          factory app      00 00 00010000 00100000[0m
[0;32mI (91) boot: End of partition table[0m
[0;32mI (96) esp_image: segment 0: paddr=00010020 vaddr=3f400020 size=278c0h (161984) map[0m
[0;32mI (160) esp_image: segment 1: paddr=000378e8 vaddr=3ffb0000 size=03c14h ( 15380) load[0m
[0;32mI (166) esp_image: segment 2: paddr=0003b504 vaddr=40080000 size=04b14h ( 19220) load[0m
[0;32mI (173) esp_image: segment 3: paddr=00040020 vaddr=400d0020 size=9a250h (631376) map[0m
[0;32mI (390) esp_image: segment 4: paddr=000da278 vaddr=40084b14 size=11b68h ( 72552) load[0m
[0;32mI (430) boot: Loaded app from partition at offset 0x10000[0m
[0;32mI (430) boot: Disabling RNG early entropy source...[0m
[0;32mI (442) cpu_start: Multicore app[0m
[0;32mI (450) cpu_start: Pro cpu start user code[0m
[0;32mI (451) cpu_start: cpu freq: 160000000 Hz[0m
[0;32mI (451) cpu_start: Application information:[0m
[0;32mI (454) cpu_start: Project name:     mqtt-tcp[0m
[0;32mI (459) cpu_start: App version:      1[0m
[0;32mI (463) cpu_start: Compile time:     May 14 2024 19:25:55[0m
[0;32mI (469) cpu_start: ELF file SHA256:  fa9b7c28a...[0m
[0;32mI (474) cpu_start: ESP-IDF:          v5.2.1[0m
[0;32mI (479) cpu_start: Min chip rev:     v0.0[0m
[0;32mI (484) cpu_start: Max chip rev:     v3.99 [0m
[0;32mI (489) cpu_start: Chip rev:         v3.0[0m
[0;32mI (494) heap_init: Initializing. RAM available for dynamic allocation:[0m
[0;32mI (501) heap_init: At 3FFAE6E0 len 00001920 (6 KiB): DRAM[0m
[0;32mI (507) heap_init: At 3FFB8320 len 00027CE0 (159 KiB): DRAM[0m
[0;32mI (513) heap_init: At 3FFE0440 len 00003AE0 (14 KiB): D/IRAM[0m
[0;32mI (519) heap_init: At 3FFE4350 len 0001BCB0 (111 KiB): D/IRAM[0m
[0;32mI (526) heap_init: At 4009667C len 00009984 (38 KiB): IRAM[0m
[0;32mI (534) spi_flash: detected chip: generic[0m
[0;32mI (537) spi_flash: flash io: dio[0m
[0;33mW (541) spi_flash: Detected size(4096k) larger than the size in the binary image header(2048k). Using the size in the binary image header.[0m
[0;32mI (555) main_task: Started on CPU0[0m
[0;32mI (565) main_task: Calling app_main()[0m
[0;32mI (565) mqtt_example: [APP] Startup..[0m
[0;32mI (565) mqtt_example: [APP] Free memory: 278064 bytes[0m
[0;32mI (565) mqtt_example: [APP] IDF version: v5.2.1[0m
[0;32mI (595) example_connect: Start example_connect.[0m
I (605) wifi:wifi driver task: 3ffbfe78, prio:23, stack:6656, core=0
I (605) wifi:wifi firmware version: a9f5b59
I (605) wifi:wifi certification version: v7.0
I (605) wifi:config NVS flash: enabled
I (605) wifi:config nano formating: disabled
I (615) wifi:Init data frame dynamic rx buffer num: 32
I (615) wifi:Init static rx mgmt buffer num: 5
I (615) wifi:Init management short buffer num: 32
I (625) wifi:Init dynamic tx buffer num: 32
I (625) wifi:Init static rx buffer size: 1600
I (635) wifi:Init static rx buffer num: 10
I (635) wifi:Init dynamic rx buffer num: 32
[0;32mI (645) wifi_init: rx ba win: 6[0m
[0;32mI (645) wifi_init: tcpip mbox: 32[0m
[0;32mI (645) wifi_init: udp mbox: 6[0m
[0;32mI (655) wifi_init: tcp mbox: 6[0m
[0;32mI (655) wifi_init: tcp tx win: 5760[0m
[0;32mI (655) wifi_init: tcp rx win: 5760[0m
[0;32mI (665) wifi_init: tcp mss: 1440[0m
[0;32mI (665) wifi_init: WiFi IRAM OP enabled[0m
[0;32mI (675) wifi_init: WiFi RX IRAM OP enabled[0m
[0;32mI (675) phy_init: phy_version 4791,2c4672b,Dec 20 2023,16:06:06[0m
I BOD: Brownout detector was triggered


ets Jul 29 2019 12:21:46

rst:0xc (SW_CPU_RESET),boot:0x13 (SPI_FAST_FLASH_BOOT)
configsip: 0, SPIWP:0xee
clk_drv:0x00,q_drv:0x00,d_drv:0x00,cs0_drv:0x00,hd_drv:0x00,wp_drv:0x00
mode:DIO, clock div:2
load:0x3fff0030,len:7172
load:0x40078000,len:15540
load:0x40080400,len:4
ho 8 tail 4 room 4
load:0x40080404,len:3904
entry 0x40080640
[0;32mI (31) boot: ESP-IDF v5.2.1 2nd stage bootloader[0m
[0;32mI (31) boot: compile time May  7 2024 20:15:38[0m
[0;32mI (31) boot: Multicore bootloader[0m
[0;32mI (35) boot: chip revision: v3.0[0m
[0;32mI (39) boot.esp32: SPI Speed      : 40MHz[0m
[0;32mI (44) boot.esp32: SPI Mode       : DIO[0m
[0;32mI (48) boot.esp32: SPI Flash Size : 2MB[0m
[0;32mI (53) boot: Enabling RNG early entropy source...[0m
[0;32mI (58) boot: Partition Table:[0m
[0;32mI (62) boot: ## Label            Usage          Type ST Offset   Length[0m
[0;32mI (69) boot:  0 nvs              WiFi data        01 02 00009000 00006000[0m
[0;32mI (76) boot:  1 phy_init         RF data          01 01 0000f000 00001000[0m
[0;32mI (84) boot:  2 factory          factory app      00 00 00010000 00100000[0m
[0;32mI (91) boot: End of partition table[0m
[0;32mI (96) esp_image: segment 0: paddr=00010020 vaddr=3f400020 size=278c0h (161984) map[0m
[0;32mI (160) esp_image: segment 1: paddr=000378e8 vaddr=3ffb0000 size=03c14h ( 15380) load[0m
[0;32mI (166) esp_image: segment 2: paddr=0003b504 vaddr=40080000 size=04b14h ( 19220) load[0m
[0;32mI (173) esp_image: segment 3: paddr=00040020 vaddr=400d0020 size=9a250h (631376) map[0m
[0;32mI (390) esp_image: segment 4: paddr=000da278 vaddr=40084b14 size=11b68h ( 72552) load[0m
[0;32mI (430) boot: Loaded app from partition at offset 0x10000[0m
[0;32mI (430) boot: Disabling RNG early entropy source...[0m
[0;32mI (442) cpu_start: Multicore app[0m
[0;32mI (450) cpu_start: Pro cpu start user code[0m
[0;32mI (451) cpu_start: cpu freq: 160000000 Hz[0m
[0;32mI (451) cpu_start: Application information:[0m
[0;32mI (454) cpu_start: Project name:     mqtt-tcp[0m
[0;32mI (459) cpu_start: App version:      1[0m
[0;32mI (463) cpu_start: Compile time:     May 14 2024 19:25:55[0m
[0;32mI (469) cpu_start: ELF file SHA256:  fa9b7c28a...[0m
[0;32mI (474) cpu_start: ESP-IDF:          v5.2.1[0m
[0;32mI (479) cpu_start: Min chip rev:     v0.0[0m
[0;32mI (484) cpu_start: Max chip rev:     v3.99 [0m
[0;32mI (489) cpu_start: Chip rev:         v3.0[0m
[0;32mI (494) heap_init: Initializing. RAM available for dynamic allocation:[0m
[0;32mI (501) heap_init: At 3FFAE6E0 len 00001920 (6 KiB): DRAM[0m
[0;32mI (507) heap_init: At 3FFB8320 len 00027CE0 (159 KiB): DRAM[0m
[0;32mI (513) heap_init: At 3FFE0440 len 00003AE0 (14 KiB): D/IRAM[0m
[0;32mI (519) heap_init: At 3FFE4350 len 0001BCB0 (111 KiB): D/IRAM[0m
[0;32mI (526) heap_init: At 4009667C len 00009984 (38 KiB): IRAM[0m
[0;32mI (534) spi_flash: detected chip: generic[0m
[0;32mI (537) spi_flash: flash io: dio[0m
[0;33mW (541) spi_flash: Detected size(4096k) larger than the size in the binary image header(2048k). Using the size in the binary image header.[0m
[0;32mI (555) main_task: Started on CPU0[0m
[0;32mI (565) main_task: Calling app_main()[0m
[0;32mI (565) mqtt_example: [APP] Startup..[0m
[0;32mI (565) mqtt_example: [APP] Free memory: 278064 bytes[0m
[0;32mI (565) mqtt_example: [APP] IDF version: v5.2.1[0m
[0;32mI (595) example_connect: Start example_connect.[0m
I (605) wifi:wifi driver task: 3ffbfe78, prio:23, stack:6656, core=0
I (605) wifi:wifi firmware version: a9f5b59
I (605) wifi:wifi certification version: v7.0
I (605) wifi:config NVS flash: enabled
I (605) wifi:config nano formating: disabled
I (615) wifi:Init data frame dynamic rx buffer num: 32
I (615) wifi:Init static rx mgmt buffer num: 5
I (615) wifi:Init management short buffer num: 32
I (625) wifi:Init dynamic tx buffer num: 32
I (625) wifi:Init static rx buffer size: 1600
I (635) wifi:Init static rx buffer num: 10
I (635) wifi:Init dynamic rx buffer num: 32
[0;32mI (645) wifi_init: rx ba win: 6[0m
[0;32mI (645) wifi_init: tcpip mbox: 32[0m
[0;32mI (645) wifi_init: udp mbox: 6[0m
[0;32mI (655) wifi_init: tcp mbox: 6[0m
[0;32mI (655) wifi_init: tcp tx win: 5760[0m
[0;32mI (655) wifi_init: tcp rx win: 5760[0m
[0;32mI (665) wifi_init: tcp mss: 1440[0m
[0;32mI (665) wifi_init: WiFi IRAM OP enabled[0m
[0;32mI (675) wifi_init: WiFi RX IRAM OP enabled[0m
[0;32mI (675) phy_init: phy_version 4791,2c4672b,Dec 20 2023,16:06:06[0m
I BOD: Brownout detector was triggered


ets Jul 29 2019 12:21:46

rst:0xc (SW_CPU_RESET),boot:0x13 (SPI_FAST_FLASH_BOOT)
configsip: 0, SPIWP:0xee
clk_drv:0x00,q_drv:0x00,d_drv:0x00,cs0_drv:0x00,hd_drv:0x00,wp_drv:0x00
mode:DIO, clock div:2
load:0x3fff0030,len:7172
load:0x40078000,len:15540
load:0x40080400,len:4
ho 8 tail 4 room 4
load:0x40080404,len:3904
entry 0x40080640
[0;32mI (31) boot: ESP-IDF v5.2.1 2nd stage bootloader[0m
[0;32mI (31) boot: compile time May  7 2024 20:15:38[0m
[0;32mI (31) boot: Multicore bootloader[0m
[0;32mI (35) boot: chip revision: v3.0[0m
[0;32mI (39) boot.esp32: SPI Speed      : 40MHz[0m
[0;32mI (44) boot.esp32: SPI Mode       : DIO[0m
[0;32mI (48) boot.esp32: SPI Flash Size : 2MB[0m
[0;32mI (53) boot: Enabling RNG early entropy source...[0m
[0;32mI (58) boot: Partition Table:[0m
[0;32mI (62) boot: ## Label            Usage          Type ST Offset   Length[0m
[0;32mI (69) boot:  0 nvs              WiFi data        01 02 00009000 00006000[0m
[0;32mI (76) boot:  1 phy_init         RF data          01 01 0000f000 00001000[0m
[0;32mI (84) boot:  2 factory          factory app      00 00 00010000 00100000[0m
[0;32mI (91) boot: End of partition table[0m
[0;32mI (96) esp_image: segment 0: paddr=00010020 vaddr=3f400020 size=278c0h (161984) map[0m
[0;32mI (160) esp_image: segment 1: paddr=000378e8 vaddr=3ffb0000 size=03c14h ( 15380) load[0m
[0;32mI (166) esp_image: segment 2: paddr=0003b504 vaddr=40080000 size=04b14h ( 19220) load[0m
[0;32mI (173) esp_image: segment 3: paddr=00040020 vaddr=400d0020 size=9a250h (631376) map[0m
[0;32mI (390) esp_image: segment 4: paddr=000da278 vaddr=40084b14 size=11b68h ( 72552) load[0m
[0;32mI (430) boot: Loaded app from partition at offset 0x10000[0m
[0;32mI (430) boot: Disabling RNG early entropy source...[0m
[0;32mI (442) cpu_start: Multicore app[0m
[0;32mI (450) cpu_start: Pro cpu start user code[0m
[0;32mI (451) cpu_start: cpu freq: 160000000 Hz[0m
[0;32mI (451) cpu_start: Application information:[0m
[0;32mI (454) cpu_start: Project name:     mqtt-tcp[0m
[0;32mI (459) cpu_start: App version:      1[0m
[0;32mI (463) cpu_start: Compile time:     May 14 2024 19:25:55[0m
[0;32mI (469) cpu_start: ELF file SHA256:  fa9b7c28a...[0m
[0;32mI (474) cpu_start: ESP-IDF:          v5.2.1[0m
[0;32mI (479) cpu_start: Min chip rev:     v0.0[0m
[0;32mI (484) cpu_start: Max chip rev:     v3.99 [0m
[0;32mI (489) cpu_start: Chip rev:         v3.0[0m
[0;32mI (494) heap_init: Initializing. RAM available for dynamic allocation:[0m
[0;32mI (501) heap_init: At 3FFAE6E0 len 00001920 (6 KiB): DRAM[0m
[0;32mI (507) heap_init: At 3FFB8320 len 00027CE0 (159 KiB): DRAM[0m
[0;32mI (513) heap_init: At 3FFE0440 len 00003AE0 (14 KiB): D/IRAM[0m
[0;32mI (519) heap_init: At 3FFE4350 len 0001BCB0 (111 KiB): D/IRAM[0m
[0;32mI (526) heap_init: At 4009667C len 00009984 (38 KiB): IRAM[0m
[0;32mI (534) spi_flash: detected chip: generic[0m
[0;32mI (537) spi_flash: flash io: dio[0m
[0;33mW (541) spi_flash: Detected size(4096k) larger than the size in the binary image header(2048k). Using the size in the binary image header.[0m
[0;32mI (555) main_task: Started on CPU0[0m
[0;32mI (565) main_task: Calling app_main()[0m
[0;32mI (565) mqtt_example: [APP] Startup..[0m
[0;32mI (565) mqtt_example: [APP] Free memory: 278064 bytes[0m
[0;32mI (565) mqtt_example: [APP] IDF version: v5.2.1[0m
[0;32mI (595) example_connect: Start example_connect.[0m
I (605) wifi:wifi driver task: 3ffbfe78, prio:23, stack:6656, core=0
I (605) wifi:wifi firmware version: a9f5b59
I (605) wifi:wifi certification version: v7.0
I (605) wifi:config NVS flash: enabled
I (605) wifi:config nano formating: disabled
I (615) wifi:Init data frame dynamic rx buffer num: 32
I (615) wifi:Init static rx mgmt buffer num: 5
I (615) wifi:Init management short buffer num: 32
I (625) wifi:Init dynamic tx buffer num: 32
I (625) wifi:Init static rx buffer size: 1600
I (635) wifi:Init static rx buffer num: 10
I (635) wifi:Init dynamic rx buffer num: 32
[0;32mI (645) wifi_init: rx ba win: 6[0m
[0;32mI (645) wifi_init: tcpip mbox: 32[0m
[0;32mI (645) wifi_init: udp mbox: 6[0m
[0;32mI (655) wifi_init: tcp mbox: 6[0m
[0;32mI (655) wifi_init: tcp tx win: 5760[0m
[0;32mI (655) wifi_init: tcp rx win: 5760[0m
[0;32mI (665) wifi_init: tcp mss: 1440[0m
[0;32mI (665) wifi_init: WiFi IRAM OP enabled[0m
[0;32mI (675) wifi_init: WiFi RX IRAM OP enabled[0m
[0;32mI (675) phy_init: phy_version 4791,2c4672b,Dec 20 2023,16:06:06[0m
I BOD: Brownout detector was triggered


ets Jul 29 2019 12:21:46

rst:0xc (SW_CPU_RESET),boot:0x13 (SPI_FAST_FLASH_BOOT)
configsip: 0, SPIWP:0xee
clk_drv:0x00,q_drv:0x00,d_drv:0x00,cs0_drv:0x00,hd_drv:0x00,wp_drv:0x00
mode:DIO, clock div:2
load:0x3fff0030,len:7172
load:0x40078000,len:15540
load:0x40080400,len:4
ho 8 tail 4 room 4
load:0x40080404,len:3904
entry 0x40080640
[0;32mI (31) boot: ESP-IDF v5.2.1 2nd stage bootloader[0m
[0;32mI (31) boot: compile time May  7 2024 20:15:38[0m
[0;32mI (31) boot: Multicore bootloader[0m
[0;32mI (35) boot: chip revision: v3.0[0m
[0;32mI (39) boot.esp32: SPI Speed      : 40MHz[0m
[0;32mI (44) boot.esp32: SPI Mode       : DIO[0m
[0;32mI (48) boot.esp32: SPI Flash Size : 2MB[0m
[0;32mI (53) boot: Enabling RNG early entropy source...[0m
[0;32mI (58) boot: Partition Table:[0m
[0;32mI (62) boot: ## Label            Usage          Type ST Offset   Length[0m
[0;32mI (69) boot:  0 nvs              WiFi data        01 02 00009000 00006000[0m
[0;32mI (76) boot:  1 phy_init         RF data          01 01 0000f000 00001000[0m
[0;32mI (84) boot:  2 factory          factory app      00 00 00010000 00100000[0m
[0;32mI (91) boot: End of partition table[0m
[0;32mI (96) esp_image: segment 0: paddr=00010020 vaddr=3f400020 size=278c0h (161984) map[0m
[0;32mI (160) esp_image: segment 1: paddr=000378e8 vaddr=3ffb0000 size=03c14h ( 15380) load[0m
[0;32mI (166) esp_image: segment 2: paddr=0003b504 vaddr=40080000 size=04b14h ( 19220) load[0m
[0;32mI (173) esp_image: segment 3: paddr=00040020 vaddr=400d0020 size=9a250h (631376) map[0m
[0;32mI (390) esp_image: segment 4: paddr=000da278 vaddr=40084b14 size=11b68h ( 72552) load[0m
[0;32mI (430) boot: Loaded app from partition at offset 0x10000[0m
[0;32mI (430) boot: Disabling RNG early entropy source...[0m
[0;32mI (442) cpu_start: Multicore app[0m
[0;32mI (450) cpu_start: Pro cpu start user code[0m
[0;32mI (451) cpu_start: cpu freq: 160000000 Hz[0m
[0;32mI (451) cpu_start: Application information:[0m
[0;32mI (454) cpu_start: Project name:     mqtt-tcp[0m
[0;32mI (459) cpu_start: App version:      1[0m
[0;32mI (463) cpu_start: Compile time:     May 14 2024 19:25:55[0m
[0;32mI (469) cpu_start: ELF file SHA256:  fa9b7c28a...[0m
[0;32mI (474) cpu_start: ESP-IDF:          v5.2.1[0m
[0;32mI (479) cpu_start: Min chip rev:     v0.0[0m
[0;32mI (484) cpu_start: Max chip rev:     v3.99 [0m
[0;32mI (489) cpu_start: Chip rev:         v3.0[0m
[0;32mI (494) heap_init: Initializing. RAM available for dynamic allocation:[0m
[0;32mI (501) heap_init: At 3FFAE6E0 len 00001920 (6 KiB): DRAM[0m
[0;32mI (507) heap_init: At 3FFB8320 len 00027CE0 (159 KiB): DRAM[0m
[0;32mI (513) heap_init: At 3FFE0440 len 00003AE0 (14 KiB): D/IRAM[0m
[0;32mI (519) heap_init: At 3FFE4350 len 0001BCB0 (111 KiB): D/IRAM[0m
[0;32mI (526) heap_init: At 4009667C len 00009984 (38 KiB): IRAM[0m
[0;32mI (534) spi_flash: detected chip: generic[0m
[0;32mI (537) spi_flash: flash io: dio[0m
[0;33mW (541) spi_flash: Detected size(4096k) larger than the size in the binary image header(2048k). Using the size in the binary image header.[0m
[0;32mI (555) main_task: Started on CPU0[0m
[0;32mI (565) main_task: Calling app_main()[0m
[0;32mI (565) mqtt_example: [APP] Startup..[0m
[0;32mI (565) mqtt_example: [APP] Free memory: 278064 bytes[0m
[0;32mI (565) mqtt_example: [APP] IDF version: v5.2.1[0m
[0;32mI (595) example_connect: Start example_connect.[0m
I (605) wifi:wifi driver task: 3ffbfe78, prio:23, stack:6656, core=0
I (605) wifi:wifi firmware version: a9f5b59
I (605) wifi:wifi certification version: v7.0
I (605) wifi:config NVS flash: enabled
I (605) wifi:config nano formating: disabled
I (615) wifi:Init data frame dynamic rx buffer num: 32
I (615) wifi:Init static rx mgmt buffer num: 5
I (615) wifi:Init management short buffer num: 32
I (625) wifi:Init dynamic tx buffer num: 32
